2026-08-11 16:07:10,203 | INFO | Symbols: BTC/USDT, ETH/USDT, SOL/USDT, XRP/USDT
2026-08-11 16:07:10,204 | INFO | Telegram: ENABLED
2026-08-11 16:07:10,204 | INFO | ====================================================
2026-08-11 16:07:10,204 | INFO | EXCORA INSTITUTIONAL MTF STARTED
2026-08-11 16:07:10,204 | INFO | Capital=100.00 | Risk=1.00% | RR=1:3.0 | MinScore=80.0
2026-08-11 16:07:10,204 | INFO | 4H=Trend+EMA200 | 1H=Structure Confirmation | 15M=Execution
2026-08-11 16:07:10,204 | INFO | ====================================================
2026-08-11 16:07:19,091 | INFO | BTC/USDT | WAIT | score=15.00 | 4H=RANGE | EMA200=RANGE | 1H=BEARISH | 15M=RANGE
2026-08-11 16:07:22,893 | INFO | ETH/USDT | WAIT | score=42.00 | 4H=RANGE | EMA200=BULLISH | 1H=BULLISH | 15M=BULLISH
2026-08-11 16:07:26,978 | INFO | SOL/USDT | WAIT | score=19.00 | 4H=RANGE | EMA200=BULLISH | 1H=BEARISH | 15M=RANGE
2026-08-11 16:07:30,633 | INFO | XRP/USDT | WAIT | score=34.00 | 4H=RANGE | EMA200=BEARISH | 1H=BEARISH | 15M=BEARISH
2026-08-11 16:08:34,710 | INFO | BTC/USDT | WAIT | score=15.00 | 4H=RANGE | EMA200=RANGE | 1H=BEARISH | 15M=RANGE
2026-08-11 16:08:38,717 | INFO | ETH/USDT | WAIT | score=42.00 | 4H=RANGE | EMA200=BULLISH | 1H=BULLISH | 15M=BULLISH
2026-08-11 16:08:42,554 | INFO | SOL/USDT | WAIT | score=19.00 | 4H=RANGE | EMA200=BULLISH | 1H=BEARISH | 15M=RANGE
2026-08-11 16:08:46,443 | INFO | XRP/USDT | WAIT | score=34.00 | 4H=RANGE | EMA200=BEARISH | 1H=BEARISH | 15M=BEARISH
2026-08-11 16:09:51,348 | INFO | BTC/USDT | WAIT | score=15.00 | 4H=RANGE | EMA200=RANGE | 1H=BEARISH | 15M=RANGE
2026-08-11 16:09:55,136 | INFO | ETH/USDT | WAIT | score=42.00 | 4H=RANGE | EMA200=BULLISH | 1H=BULLISH | 15M=BULLISH
2026-08-11 16:09:59,837 | INFO | SOL/USDT | WAIT | score=19.00 | 4H=RANGE | EMA200=BULLISH | 1H=BEARISH | 15M=RANGE
2026-08-11 16:10:06,512 | INFO | XRP/USDT | WAIT | score=34.00 | 4H=RANGE | EMA200=BEARISH | 1H=BEARISH | 15M=BEARISH
2026-08-11 16:11:12,837 | INFO | BTC/USDT | WAIT | score=15.00 | 4H=RANGE | EMA200=RANGE | 1H=BEARISH | 15M=RANGE
2026-08-11 16:11:19,546 | INFO | ETH/USDT | WAIT | score=42.00 | 4H=RANGE | EMA200=BULLISH | 1H=BULLISH | 15M=BULLISH
2026-08-11 16:11:25,010 | INFO | SOL/USDT | WAIT | score=19.00 | 4H=RANGE | EMA200=BULLISH | 1H=BEARISH | 15M=RANGE
2026-08-11 16:11:30,261 | INFO | XRP/USDT | WAIT | score=34.00 | 4H=RANGE | EMA200=BEARISH | 1H=BEARISH | 15M=BEARISH
2026-08-11 16:12:34,216 | INFO | BTC/USDT | WAIT | score=15.00 | 4H=RANGE | EMA200=RANGE | 1H=BEARISH | 15M=RANGE
2026-08-11 16:12:37,977 | INFO | ETH/USDT | WAIT | score=42.00 | 4H=RANGE | EMA200=BULLISH | 1H=BULLISH | 15M=BULLISH
2026-08-11 16:12:41,873 | INFO | SOL/USDT | WAIT | score=19.00 | 4H=RANGE | EMA200=BULLISH | 1H=BEARISH | 15M=RANGE
2026-08-11 16:12:45,777 | INFO | XRP/USDT | WAIT | score=34.00 | 4H=RANGE | EMA200=BEARISH | 1H=BEARISH | 15M=BEARISH
2026-08-11 16:13:49,901 | INFO | BTC/USDT | WAIT | score=15.00 | 4H=RANGE | EMA200=RANGE | 1H=BEARISH | 15M=RANGE
2026-08-11 16:13:54,195 | INFO | ETH/USDT | WAIT | score=42.00 | 4H=RANGE | EMA200=BULLISH | 1H=BULLISH | 15M=BULLISH
2026-08-11 16:13:58,067 | INFO | SOL/USDT | WAIT | score=19.00 | 4H=RANGE | EMA200=BULLISH | 1H=BEARISH | 15M=RANGE
2026-08-11 16:14:03,043 | INFO | XRP/USDT | WAIT | score=34.00 | 4H=RANGE | EMA200=BEARISH | 1H=BEARISH | 15M=BEARISH
2026-08-11 16:15:07,280 | INFO | BTC/USDT | WAIT | score=15.00 | 4H=RANGE | EMA200=RANGE | 1H=BEARISH | 15M=RANGE
2026-08-11 16:15:11,168 | INFO | ETH/USDT | WAIT | score=42.00 | 4H=RANGE | EMA200=BULLISH | 1H=BULLISH | 15M=BULLISH
2026-08-11 16:15:14,879 | INFO | SOL/USDT | WAIT | score=22.00 | 4H=RANGE | EMA200=BULLISH | 1H=BEARISH | 15M=RANGE
2026-08-11 16:15:18,737 | INFO | XRP/USDT | WAIT | score=30.00 | 4H=RANGE | EMA200=BEARISH | 1H=BEARISH | 15M=BEARISH
2026-08-11 16:16:23,922 | INFO | BTC/USDT | WAIT | score=15.00 | 4H=RANGE | EMA200=RANGE | 1H=BEARISH | 15M=RANGE
2026-08-11 16:16:28,779 | INFO | ETH/USDT | WAIT | score=42.00 | 4H=RANGE | EMA200=BULLISH | 1H=BULLISH | 15M=BULLISH
2026-08-11 16:16:32,553 | INFO | SOL/USDT | WAIT | score=22.00 | 4H=RANGE | EMA200=BULLISH | 1H=BEARISH | 15M=RANGE
2026-08-11 16:16:37,565 | INFO | XRP/USDT | WAIT | score=30.00 | 4H=RANGE | EMA200=BEARISH | 1H=BEARISH | 15M=BEARISH
2026-08-11 16:17:41,459 | INFO | BTC/USDT | WAIT | score=15.00 | 4H=RANGE | EMA200=RANGE | 1H=BEARISH | 15M=RANGE
2026-08-11 16:17:45,499 | INFO | ETH/USDT | WAIT | score=42.00 | 4H=RANGE | EMA200=BULLISH | 1H=BULLISH | 15M=BULLISH
2026-08-11 16:17:49,234 | INFO | SOL/USDT | WAIT | score=22.00 | 4H=RANGE | EMA200=BULLISH | 1H=BEARISH | 15M=RANGE
2026-08-11 16:17:52,975 | INFO | XRP/USDT | WAIT | score=30.00 | 4H=RANGE | EMA200=BEARISH | 1H=BEARISH | 15M=BEARISH
2026-08-11 16:18:57,140 | INFO | BTC/USDT | WAIT | score=15.00 | 4H=RANGE | EMA200=RANGE | 1H=BEARISH | 15M=RANGE
2026-08-11 16:19:01,195 | INFO | ETH/USDT | WAIT | score=42.00 | 4H=RANGE | EMA200=BULLISH | 1H=BULLISH | 15M=BULLISH
2026-08-11 16:19:05,491 | INFO | SOL/USDT | WAIT | score=22.00 | 4H=RANGE | EMA200=BULLISH | 1H=BEARISH | 15M=RANGE
2026-08-11 16:19:09,923 | INFO | XRP/USDT | WAIT | score=30.00 | 4H=RANGE | EMA200=BEARISH | 1H=BEARISH | 15M=BEARISH
2026-08-11 16:20:15,382 | INFO | BTC/USDT | WAIT | score=15.00 | 4H=RANGE | EMA200=RANGE | 1H=BEARISH | 15M=RANGE
2026-08-11 16:20:19,639 | INFO | ETH/USDT | WAIT | score=42.00 | 4H=RANGE | EMA200=BULLISH | 1H=BULLISH | 15M=BULLISH
2026-08-11 16:20:24,006 | INFO | SOL/USDT | WAIT | score=22.00 | 4H=RANGE | EMA200=BULLISH | 1H=BEARISH | 15M=RANGE
2026-08-11 16:20:28,112 | INFO | XRP/USDT | WAIT | score=30.00 | 4H=RANGE | EMA200=BEARISH | 1H=BEARISH | 15M=BEARISH
2026-08-11 16:21:33,080 | INFO | BTC/USDT | WAIT | score=15.00 | 4H=RANGE | EMA200=RANGE | 1H=BEARISH | 15M=RANGE
2026-08-11 16:21:37,822 | INFO | ETH/USDT | WAIT | score=42.00 | 4H=RANGE | EMA200=BULLISH | 1H=BULLISH | 15M=BULLISH
2026-08-11 16:21:43,549 | INFO | SOL/USDT | WAIT | score=22.00 | 4H=RANGE | EMA200=BULLISH | 1H=BEARISH | 15M=RANGE
2026-08-11 16:21:49,890 | INFO | XRP/USDT | WAIT | score=30.00 | 4H=RANGE | EMA200=BEARISH | 1H=BEARISH | 15M=BEARISH
2026-08-11 16:22:53,763 | INFO | BTC/USDT | WAIT | score=15.00 | 4H=RANGE | EMA200=RANGE | 1H=BEARISH | 15M=RANGE
2026-08-11 16:22:57,525 | INFO | ETH/USDT | WAIT | score=42.00 | 4H=RANGE | EMA200=BULLISH | 1H=BULLISH | 15M=BULLISH
2026-08-11 16:23:01,472 | INFO | SOL/USDT | WAIT | score=22.00 | 4H=RANGE | EMA200=BULLISH | 1H=BEARISH | 15M=RANGE
2026-08-11 16:23:05,373 | INFO | XRP/USDT | WAIT | score=30.00 | 4H=RANGE | EMA200=BEARISH | 1H=BEARISH | 15M=BEARISH
2026-08-11 16:24:09,577 | INFO | BTC/USDT | WAIT | score=15.00 | 4H=RANGE | EMA200=RANGE | 1H=BEARISH | 15M=RANGE
2026-08-11 16:24:13,794 | INFO | ETH/USDT | WAIT | score=42.00 | 4H=RANGE | EMA200=BULLISH | 1H=BULLISH | 15M=BULLISH
2026-08-11 16:24:17,514 | INFO | SOL/USDT | WAIT | score=22.00 | 4H=RANGE | EMA200=BULLISH | 1H=BEARISH | 15M=RANGE
2026-08-11 16:24:21,062 | INFO | XRP/USDT | WAIT | score=30.00 | 4H=RANGE | EMA200=BEARISH | 1H=BEARISH | 15M=BEARISH
2026-08-11 16:25:25,889 | INFO | BTC/USDT | WAIT | score=15.00 | 4H=RANGE | EMA200=RANGE | 1H=BEARISH | 15M=RANGE
2026-08-11 16:25:32,758 | INFO | ETH/USDT | WAIT | score=42.00 | 4H=RANGE | EMA200=BULLISH | 1H=BULLISH | 15M=BULLISH
2026-08-11 16:25:36,559 | INFO | SOL/USDT | WAIT | score=22.00 | 4H=RANGE | EMA200=BULLISH | 1H=BEARISH | 15M=RANGE
2026-08-11 16:25:40,192 | INFO | XRP/USDT | WAIT | score=30.00 | 4H=RANGE | EMA200=BEARISH | 1H=BEARISH | 15M=BEARISH
2026-08-11 16:26:43,649 | INFO | BTC/USDT | WAIT | score=15.00 | 4H=RANGE | EMA200=RANGE | 1H=BEARISH | 15M=RANGE
2026-08-11 16:26:47,155 | INFO | ETH/USDT | WAIT | score=42.00 | 4H=RANGE | EMA200=BULLISH | 1H=BULLISH | 15M=BULLISH
2026-08-11 16:26:51,145 | INFO | SOL/USDT | WAIT | score=22.00 | 4H=RANGE | EMA200=BULLISH | 1H=BEARISH | 15M=RANGE
2026-08-11 16:26:54,797 | INFO | XRP/USDT | WAIT | score=30.00 | 4H=RANGE | EMA200=BEARISH | 1H=BEARISH | 15M=BEARISH
2026-08-11 16:27:58,830 | INFO | BTC/USDT | WAIT | score=15.00 | 4H=RANGE | EMA200=RANGE | 1H=BEARISH | 15M=RANGE
2026-08-11 16:28:02,809 | INFO | ETH/USDT | WAIT | score=42.00 | 4H=RANGE | EMA200=BULLISH | 1H=BULLISH | 15M=BULLISH
2026-08-11 16:28:06,300 | INFO | SOL/USDT | WAIT | score=22.00 | 4H=RANGE | EMA200=BULLISH | 1H=BEARISH | 15M=RANGE
2026-08-11 16:28:09,900 | INFO | XRP/USDT | WAIT | score=30.00 | 4H=RANGE | EMA200=BEARISH | 1H=BEARISH | 15M=BEARISH
2026-08-11 16:29:13,731 | INFO | BTC/USDT | WAIT | score=15.00 | 4H=RANGE | EMA200=RANGE | 1H=BEARISH | 15M=RANGE
2026-08-11 16:29:17,802 | INFO | ETH/USDT | WAIT | score=42.00 | 4H=RANGE | EMA200=BULLISH | 1H=BULLISH | 15M=BULLISH
2026-08-11 16:29:21,688 | INFO | SOL/USDT | WAIT | score=22.00 | 4H=RANGE | EMA200=BULLISH | 1H=BEARISH | 15M=RANGE
2026-08-11 16:29:25,339 | INFO | XRP/USDT | WAIT | score=30.00 | 4H=RANGE | EMA200=BEARISH | 1H=BEARISH | 15M=BEARISH
2026-08-11 16:30:28,878 | INFO | BTC/USDT | WAIT | score=17.00 | 4H=RANGE | EMA200=RANGE | 1H=BEARISH | 15M=RANGE
2026-08-11 16:30:32,378 | INFO | ETH/USDT | WAIT | score=42.00 | 4H=RANGE | EMA200=BULLISH | 1H=BULLISH | 15M=BULLISH
2026-08-11 16:30:36,021 | INFO | SOL/USDT | WAIT | score=17.00 | 4H=RANGE | EMA200=BULLISH | 1H=BEARISH | 15M=RANGE
2026-08-11 16:30:39,625 | INFO | XRP/USDT | WAIT | score=30.00 | 4H=RANGE | EMA200=BEARISH | 1H=BEARISH | 15M=BEARISH
2026-08-11 16:31:44,029 | INFO | BTC/USDT | WAIT | score=17.00 | 4H=RANGE | EMA200=RANGE | 1H=BEARISH | 15M=RANGE
2026-08-11 16:31:48,013 | INFO | ETH/USDT | WAIT | score=42.00 | 4H=RANGE | EMA200=BULLISH | 1H=BULLISH | 15M=BULLISH
2026-08-11 16:31:51,519 | INFO | SOL/USDT | WAIT | score=17.00 | 4H=RANGE | EMA200=BULLISH | 1H=BEARISH | 15M=RANGE
2026-08-11 16:31:55,017 | INFO | XRP/USDT | WAIT | score=30.00 | 4H=RANGE | EMA200=BEARISH | 1H=BEARISH | 15M=BEARISH
2026-08-11 16:32:58,731 | INFO | BTC/USDT | WAIT | score=17.00 | 4H=RANGE | EMA200=RANGE | 1H=BEARISH | 15M=RANGE
2026-08-11 16:33:03,216 | INFO | ETH/USDT | WAIT | score=42.00 | 4H=RANGE | EMA200=BULLISH | 1H=BULLISH | 15M=BULLISH
2026-08-11 16:33:07,647 | INFO | SOL/USDT | WAIT | score=17.00 | 4H=RANGE | EMA200=BULLISH | 1H=BEARISH | 15M=RANGE
2026-08-11 16:33:12,516 | INFO | XRP/USDT | WAIT | score=30.00 | 4H=RANGE | EMA200=BEARISH | 1H=BEARISH | 15M=BEARISH
2026-08-11 16:34:16,785 | INFO | BTC/USDT | WAIT | score=17.00 | 4H=RANGE | EMA200=RANGE | 1H=BEARISH | 15M=RANGE
2026-08-11 16:34:20,704 | INFO | ETH/USDT | WAIT | score=42.00 | 4H=RANGE | EMA200=BULLISH | 1H=BULLISH | 15M=BULLISH
2026-08-11 16:34:24,245 | INFO | SOL/USDT | WAIT | score=17.00 | 4H=RANGE | EMA200=BULLISH | 1H=BEARISH | 15M=RANGE
2026-08-11 16:34:28,512 | INFO | XRP/USDT | WAIT | score=30.00 | 4H=RANGE | EMA200=BEARISH | 1H=BEARISH | 15M=BEARISH
2026-08-11 16:35:33,223 | INFO | BTC/USDT | WAIT | score=17.00 | 4H=RANGE | EMA200=RANGE | 1H=BEARISH | 15M=RANGE
2026-08-11 16:35:37,178 | INFO | ETH/USDT | WAIT | score=42.00 | 4H=RANGE | EMA200=BULLISH | 1H=BULLISH | 15M=BULLISH
2026-08-11 16:35:40,989 | INFO | SOL/USDT | WAIT | score=17.00 | 4H=RANGE | EMA200=BULLISH | 1H=BEARISH | 15M=RANGE
2026-08-11 16:35:44,863 | INFO | XRP/USDT | WAIT | score=30.00 | 4H=RANGE | EMA200=BEARISH | 1H=BEARISH | 15M=BEARISH
2026-08-11 16:36:48,334 | INFO | BTC/USDT | WAIT | score=17.00 | 4H=RANGE | EMA200=RANGE | 1H=BEARISH | 15M=RANGE
2026-08-11 16:36:51,884 | INFO | ETH/USDT | WAIT | score=42.00 | 4H=RANGE | EMA200=BULLISH | 1H=BULLISH | 15M=BULLISH
2026-08-11 16:36:56,590 | INFO | SOL/USDT | WAIT | score=17.00 | 4H=RANGE | EMA200=BULLISH | 1H=BEARISH | 15M=RANGE
2026-08-11 16:37:01,597 | INFO | XRP/USDT | WAIT | score=30.00 | 4H=RANGE | EMA200=BEARISH | 1H=BEARISH | 15M=BEARISH
2026-08-11 16:38:05,527 | INFO | BTC/USDT | WAIT | score=17.00 | 4H=RANGE | EMA200=RANGE | 1H=BEARISH | 15M=RANGE
2026-08-11 16:38:09,593 | INFO | ETH/USDT | WAIT | score=42.00 | 4H=RANGE | EMA200=BULLISH | 1H=BULLISH | 15M=BULLISH
2026-08-11 16:38:13,775 | INFO | SOL/USDT | WAIT | score=17.00 | 4H=RANGE | EMA200=BULLISH | 1H=BEARISH | 15M=RANGE
2026-08-11 16:38:18,887 | INFO | XRP/USDT | WAIT | score=30.00 | 4H=RANGE | EMA200=BEARISH | 1H=BEARISH | 15M=BEARISH
2026-08-11 16:39:23,030 | INFO | BTC/USDT | WAIT | score=17.00 | 4H=RANGE | EMA200=RANGE | 1H=BEARISH | 15M=RANGE
2026-08-11 16:39:26,602 | INFO | ETH/USDT | WAIT | score=42.00 | 4H=RANGE | EMA200=BULLISH | 1H=BULLISH | 15M=BULLISH
2026-08-11 16:39:30,880 | INFO | SOL/USDT | WAIT | score=17.00 | 4H=RANGE | EMA200=BULLISH | 1H=BEARISH | 15M=RANGE
2026-08-11 16:39:35,073 | INFO | XRP/USDT | WAIT | score=30.00 | 4H=RANGE | EMA200=BEARISH | 1H=BEARISH | 15M=BEARISH
2026-08-11 16:40:39,625 | INFO | BTC/USDT | WAIT | score=17.00 | 4H=RANGE | EMA200=RANGE | 1H=BEARISH | 15M=RANGE
2026-08-11 16:40:43,690 | INFO | ETH/USDT | WAIT | score=42.00 | 4H=RANGE | EMA200=BULLISH | 1H=BULLISH | 15M=BULLISH
2026-08-11 16:40:47,892 | INFO | SOL/USDT | WAIT | score=17.00 | 4H=RANGE | EMA200=BULLISH | 1H=BEARISH | 15M=RANGE
2026-08-11 16:40:52,527 | INFO | XRP/USDT | WAIT | score=30.00 | 4H=RANGE | EMA200=BEARISH | 1H=BEARISH | 15M=BEARISH
2026-08-11 16:41:56,353 | INFO | BTC/USDT | WAIT | score=17.00 | 4H=RANGE | EMA200=RANGE | 1H=BEARISH | 15M=RANGE
2026-08-11 16:42:00,976 | INFO | ETH/USDT | WAIT | score=42.00 | 4H=RANGE | EMA200=BULLISH | 1H=BULLISH | 15M=BULLISH
2026-08-11 16:42:05,724 | INFO | SOL/USDT | WAIT | score=17.00 | 4H=RANGE | EMA200=BULLISH | 1H=BEARISH | 15M=RANGE
2026-08-11 16:42:09,796 | INFO | XRP/USDT | WAIT | score=30.00 | 4H=RANGE | EMA200=BEARISH | 1H=BEARISH | 15M=BEARISH
2026-08-11 16:43:13,411 | INFO | BTC/USDT | WAIT | score=17.00 | 4H=RANGE | EMA200=RANGE | 1H=BEARISH | 15M=RANGE
2026-08-11 16:43:17,140 | INFO | ETH/USDT | WAIT | score=42.00 | 4H=RANGE | EMA200=BULLISH | 1H=BULLISH | 15M=BULLISH
2026-08-11 16:43:21,803 | INFO | SOL/USDT | WAIT | score=17.00 | 4H=RANGE | EMA200=BULLISH | 1H=BEARISH | 15M=RANGE
2026-08-11 16:43:26,279 | INFO | XRP/USDT | WAIT | score=30.00 | 4H=RANGE | EMA200=BEARISH | 1H=BEARISH | 15M=BEARISH
2026-08-11 16:44:32,531 | INFO | BTC/USDT | WAIT | score=17.00 | 4H=RANGE | EMA200=RANGE | 1H=BEARISH | 15M=RANGE
2026-08-11 16:44:38,824 | INFO | ETH/USDT | WAIT | score=42.00 | 4H=RANGE | EMA200=BULLISH | 1H=BULLISH | 15M=BULLISH
2026-08-11 16:44:43,651 | INFO | SOL/USDT | WAIT | score=17.00 | 4H=RANGE | EMA200=BULLISH | 1H=BEARISH | 15M=RANGE
2026-08-11 16:44:47,664 | INFO | XRP/USDT | WAIT | score=30.00 | 4H=RANGE | EMA200=BEARISH | 1H=BEARISH | 15M=BEARISH
2026-08-11 16:45:51,102 | INFO | BTC/USDT | WAIT | score=24.00 | 4H=RANGE | EMA200=RANGE | 1H=BEARISH | 15M=RANGE
2026-08-11 16:45:54,482 | INFO | ETH/USDT | WAIT | score=47.00 | 4H=RANGE | EMA200=BULLISH | 1H=BULLISH | 15M=BULLISH
2026-08-11 16:45:59,729 | INFO | SOL/USDT | WAIT | score=27.02 | 4H=RANGE | EMA200=BULLISH | 1H=BEARISH | 15M=RANGE
2026-08-11 16:46:03,658 | INFO | XRP/USDT | WAIT | score=35.00 | 4H=RANGE | EMA200=BEARISH | 1H=BEARISH | 15M=BEARISH
2026-08-11 16:47:07,402 | INFO | BTC/USDT | WAIT | score=24.00 | 4H=RANGE | EMA200=RANGE | 1H=BEARISH | 15M=RANGE
2026-08-11 16:47:11,382 | INFO | ETH/USDT | WAIT | score=47.00 | 4H=RANGE | EMA200=BULLISH | 1H=BULLISH | 15M=BULLISH
2026-08-11 16:47:15,059 | INFO | SOL/USDT | WAIT | score=27.02 | 4H=RANGE | EMA200=BULLISH | 1H=BEARISH | 15M=RANGE
2026-08-11 16:47:18,322 | INFO | XRP/USDT | WAIT | score=35.00 | 4H=RANGE | EMA200=BEARISH | 1H=BEARISH | 15M=BEARISH
2026-08-11 16:48:21,875 | INFO | BTC/USDT | WAIT | score=24.00 | 4H=RANGE | EMA200=RANGE | 1H=BEARISH | 15M=RANGE
2026-08-11 16:48:25,690 | INFO | ETH/USDT | WAIT | score=47.00 | 4H=RANGE | EMA200=BULLISH | 1H=BULLISH | 15M=BULLISH
2026-08-11 16:48:28,962 | INFO | SOL/USDT | WAIT | score=27.02 | 4H=RANGE | EMA200=BULLISH | 1H=BEARISH | 15M=RANGE
2026-08-11 16:48:32,986 | INFO | XRP/USDT | WAIT | score=35.00 | 4H=RANGE | EMA200=BEARISH | 1H=BEARISH | 15M=BEARISH
2026-08-11 16:49:37,301 | INFO | BTC/USDT | WAIT | score=24.00 | 4H=RANGE | EMA200=RANGE | 1H=BEARISH | 15M=RANGE
2026-08-11 16:49:42,638 | INFO | ETH/USDT | WAIT | score=47.00 | 4H=RANGE | EMA200=BULLISH | 1H=BULLISH | 15M=BULLISH
2026-08-11 16:49:49,428 | INFO | SOL/USDT | WAIT | score=27.02 | 4H=RANGE | EMA200=BULLISH | 1H=BEARISH | 15M=RANGE
2026-08-11 16:49:55,932 | INFO | XRP/USDT | WAIT | score=35.00 | 4H=RANGE | EMA200=BEARISH | 1H=BEARISH | 15M=BEARISH
2026-08-11 16:51:00,306 | INFO | BTC/USDT | WAIT | score=24.00 | 4H=RANGE | EMA200=RANGE | 1H=BEARISH | 15M=RANGE
2026-08-11 16:51:04,555 | INFO | ETH/USDT | WAIT | score=47.00 | 4H=RANGE | EMA200=BULLISH | 1H=BULLISH | 15M=BULLISH
2026-08-11 16:51:08,902 | INFO | SOL/USDT | WAIT | score=27.02 | 4H=RANGE | EMA200=BULLISH | 1H=BEARISH | 15M=RANGE
2026-08-11 16:51:14,175 | INFO | XRP/USDT | WAIT | score=35.00 | 4H=RANGE | EMA200=BEARISH | 1H=BEARISH | 15M=BEARISH
2026-08-11 16:52:18,472 | INFO | BTC/USDT | WAIT | score=24.00 | 4H=RANGE | EMA200=RANGE | 1H=BEARISH | 15M=RANGE
2026-08-11 16:52:24,511 | INFO | ETH/USDT | WAIT | score=47.00 | 4H=RANGE | EMA200=BULLISH | 1H=BULLISH | 15M=BULLISH
2026-08-11 16:52:31,728 | INFO | SOL/USDT | WAIT | score=27.02 | 4H=RANGE | EMA200=BULLISH | 1H=BEARISH | 15M=RANGE
2026-08-11 16:52:37,191 | INFO | XRP/USDT | WAIT | score=35.00 | 4H=RANGE | EMA200=BEARISH | 1H=BEARISH | 15M=BEARISH
2026-08-11 16:53:41,547 | INFO | BTC/USDT | WAIT | score=24.00 | 4H=RANGE | EMA200=RANGE | 1H=BEARISH | 15M=RANGE
2026-08-11 16:53:45,636 | INFO | ETH/USDT | WAIT | score=47.00 | 4H=RANGE | EMA200=BULLISH | 1H=BULLISH | 15M=BULLISH
2026-08-11 16:53:49,357 | INFO | SOL/USDT | WAIT | score=27.02 | 4H=RANGE | EMA200=BULLISH | 1H=BEARISH | 15M=RANGE
2026-08-11 16:53:53,349 | INFO | XRP/USDT | WAIT | score=35.00 | 4H=RANGE | EMA200=BEARISH | 1H=BEARISH | 15M=BEARISH
2026-08-11 16:54:57,530 | INFO | BTC/USDT | WAIT | score=24.00 | 4H=RANGE | EMA200=RANGE | 1H=BEARISH | 15M=RANGE
2026-08-11 16:55:01,364 | INFO | ETH/USDT | WAIT | score=47.00 | 4H=RANGE | EMA200=BULLISH | 1H=BULLISH | 15M=BULLISH
2026-08-11 16:55:04,829 | INFO | SOL/USDT | WAIT | score=27.02 | 4H=RANGE | EMA200=BULLISH | 1H=BEARISH | 15M=RANGE
2026-08-11 16:55:08,246 | INFO | XRP/USDT | WAIT | score=35.00 | 4H=RANGE | EMA200=BEARISH | 1H=BEARISH | 15M=BEARISH
2026-08-11 16:56:12,185 | INFO | BTC/USDT | WAIT | score=24.00 | 4H=RANGE | EMA200=RANGE | 1H=BEARISH | 15M=RANGE
2026-08-11 16:56:15,663 | INFO | ETH/USDT | WAIT | score=47.00 | 4H=RANGE | EMA200=BULLISH | 1H=BULLISH | 15M=BULLISH
2026-08-11 16:56:19,110 | INFO | SOL/USDT | WAIT | score=27.02 | 4H=RANGE | EMA200=BULLISH | 1H=BEARISH | 15M=RANGE
2026-08-11 16:56:22,629 | INFO | XRP/USDT | WAIT | score=35.00 | 4H=RANGE | EMA200=BEARISH | 1H=BEARISH | 15M=BEARISH
2026-08-11 16:57:26,121 | INFO | BTC/USDT | WAIT | score=24.00 | 4H=RANGE | EMA200=RANGE | 1H=BEARISH | 15M=RANGE
2026-08-11 16:57:29,697 | INFO | ETH/USDT | WAIT | score=47.00 | 4H=RANGE | EMA200=BULLISH | 1H=BULLISH | 15M=BULLISH
2026-08-11 16:57:33,018 | INFO | SOL/USDT | WAIT | score=27.02 | 4H=RANGE | EMA200=BULLISH | 1H=BEARISH | 15M=RANGE
2026-08-11 16:57:36,509 | INFO | XRP/USDT | WAIT | score=35.00 | 4H=RANGE | EMA200=BEARISH | 1H=BEARISH | 15M=BEARISH
2026-08-11 16:58:40,207 | INFO | BTC/USDT | WAIT | score=24.00 | 4H=RANGE | EMA200=RANGE | 1H=BEARISH | 15M=RANGE
2026-08-11 16:58:43,880 | INFO | ETH/USDT | WAIT | score=47.00 | 4H=RANGE | EMA200=BULLISH | 1H=BULLISH | 15M=BULLISH
2026-08-11 16:58:47,305 | INFO | SOL/USDT | WAIT | score=27.02 | 4H=RANGE | EMA200=BULLISH | 1H=BEARISH | 15M=RANGE
2026-08-11 16:58:51,750 | INFO | XRP/USDT | WAIT | score=35.00 | 4H=RANGE | EMA200=BEARISH | 1H=BEARISH | 15M=BEARISH
2026-08-11 16:59:56,973 | INFO | BTC/USDT | WAIT | score=24.00 | 4H=RANGE | EMA200=RANGE | 1H=BEARISH | 15M=RANGE
2026-08-11 17:00:02,302 | INFO | ETH/USDT | WAIT | score=47.00 | 4H=RANGE | EMA200=BULLISH | 1H=BULLISH | 15M=BULLISH
2026-08-11 17:00:08,785 | INFO | SOL/USDT | WAIT | score=22.00 | 4H=RANGE | EMA200=BULLISH | 1H=BEARISH | 15M=RANGE
2026-08-11 17:00:12,456 | INFO | XRP/USDT | WAIT | score=30.00 | 4H=RANGE | EMA200=BEARISH | 1H=BEARISH | 15M=BEARISH
2026-08-11 17:01:16,807 | INFO | BTC/USDT | WAIT | score=24.00 | 4H=RANGE | EMA200=RANGE | 1H=BEARISH | 15M=RANGE
2026-08-11 17:01:21,415 | INFO | ETH/USDT | WAIT | score=40.00 | 4H=RANGE | EMA200=BULLISH | 1H=BULLISH | 15M=BULLISH
2026-08-11 17:01:26,378 | INFO | SOL/USDT | WAIT | score=22.00 | 4H=RANGE | EMA200=BULLISH | 1H=BEARISH | 15M=RANGE
2026-08-11 17:01:30,576 | INFO | XRP/USDT | WAIT | score=30.00 | 4H=RANGE | EMA200=BEARISH | 1H=BEARISH | 15M=BEARISH
2026-08-11 17:02:35,325 | INFO | BTC/USDT | WAIT | score=24.00 | 4H=RANGE | EMA200=RANGE | 1H=BEARISH | 15M=RANGE
2026-08-11 17:02:40,075 | INFO | ETH/USDT | WAIT | score=40.00 | 4H=RANGE | EMA200=BULLISH | 1H=BULLISH | 15M=BULLISH
2026-08-11 17:02:43,741 | INFO | SOL/USDT | WAIT | score=22.00 | 4H=RANGE | EMA200=BULLISH | 1H=BEARISH | 15M=RANGE
2026-08-11 17:02:47,711 | INFO | XRP/USDT | WAIT | score=30.00 | 4H=RANGE | EMA200=BEARISH | 1H=BEARISH | 15M=BEARISH
2026-08-11 17:03:51,337 | INFO | BTC/USDT | WAIT | score=24.00 | 4H=RANGE | EMA200=RANGE | 1H=BEARISH | 15M=RANGE
2026-08-11 17:03:54,659 | INFO | ETH/USDT | WAIT | score=40.00 | 4H=RANGE | EMA200=BULLISH | 1H=BULLISH | 15M=BULLISH
2026-08-11 17:03:58,337 | INFO | SOL/USDT | WAIT | score=22.00 | 4H=RANGE | EMA200=BULLISH | 1H=BEARISH | 15M=RANGE
2026-08-11 17:04:02,525 | INFO | XRP/USDT | WAIT | score=30.00 | 4H=RANGE | EMA200=BEARISH | 1H=BEARISH | 15M=BEARISH
2026-08-11 17:05:07,482 | INFO | BTC/USDT | WAIT | score=24.00 | 4H=RANGE | EMA200=RANGE | 1H=BEARISH | 15M=RANGE
2026-08-11 17:05:11,874 | INFO | ETH/USDT | WAIT | score=40.00 | 4H=RANGE | EMA200=BULLISH | 1H=BULLISH | 15M=BULLISH
2026-08-11 17:05:16,482 | INFO | SOL/USDT | WAIT | score=22.00 | 4H=RANGE | EMA200=BULLISH | 1H=BEARISH | 15M=RANGE
2026-08-11 17:05:21,384 | INFO | XRP/USDT | WAIT | score=30.00 | 4H=RANGE | EMA200=BEARISH | 1H=BEARISH | 15M=BEARISH
2026-08-11 17:06:25,792 | INFO | BTC/USDT | WAIT | score=24.00 | 4H=RANGE | EMA200=RANGE | 1H=BEARISH | 15M=RANGE
2026-08-11 17:06:30,262 | INFO | ETH/USDT | WAIT | score=40.00 | 4H=RANGE | EMA200=BULLISH | 1H=BULLISH | 15M=BULLISH
2026-08-11 17:06:34,848 | INFO | SOL/USDT | WAIT | score=22.00 | 4H=RANGE | EMA200=BULLISH | 1H=BEARISH | 15M=RANGE
2026-08-11 17:06:38,933 | INFO | XRP/USDT | WAIT | score=30.00 | 4H=RANGE | EMA200=BEARISH | 1H=BEARISH | 15M=BEARISH
2026-08-11 17:07:42,923 | INFO | BTC/USDT | WAIT | score=24.00 | 4H=RANGE | EMA200=RANGE | 1H=BEARISH | 15M=RANGE
2026-08-11 17:07:46,461 | INFO | ETH/USDT | WAIT | score=40.00 | 4H=RANGE | EMA200=BULLISH | 1H=BULLISH | 15M=BULLISH
2026-08-11 17:07:50,353 | INFO | SOL/USDT | WAIT | score=22.00 | 4H=RANGE | EMA200=BULLISH | 1H=BEARISH | 15M=RANGE
2026-08-11 17:07:54,086 | INFO | XRP/USDT | WAIT | score=30.00 | 4H=RANGE | EMA200=BEARISH | 1H=BEARISH | 15M=BEARISH
2026-08-11 17:08:58,335 | INFO | BTC/USDT | WAIT | score=24.00 | 4H=RANGE | EMA200=RANGE | 1H=BEARISH | 15M=RANGE
2026-08-11 17:09:01,780 | INFO | ETH/USDT | WAIT | score=40.00 | 4H=RANGE | EMA200=BULLISH | 1H=BULLISH | 15M=BULLISH
2026-08-11 17:09:05,123 | INFO | SOL/USDT | WAIT | score=22.00 | 4H=RANGE | EMA200=BULLISH | 1H=BEARISH | 15M=RANGE
2026-08-11 17:09:08,482 | INFO | XRP/USDT | WAIT | score=30.00 | 4H=RANGE | EMA200=BEARISH | 1H=BEARISH | 15M=BEARISH
2026-08-11 17:10:23,165 | INFO | BTC/USDT | WAIT | score=24.00 | 4H=RANGE | EMA200=RANGE | 1H=BEARISH | 15M=RANGE
2026-08-11 17:10:36,655 | INFO | ETH/USDT | WAIT | score=40.00 | 4H=RANGE | EMA200=BULLISH | 1H=BULLISH | 15M=BULLISH
2026-08-11 17:10:45,404 | INFO | SOL/USDT | WAIT | score=22.00 | 4H=RANGE | EMA200=BULLISH | 1H=BEARISH | 15M=RANGE
2026-08-11 17:10:50,265 | INFO | XRP/USDT | WAIT | score=30.00 | 4H=RANGE | EMA200=BEARISH | 1H=BEARISH | 15M=BEARISH
2026-08-11 17:11:54,502 | INFO | BTC/USDT | WAIT | score=24.00 | 4H=RANGE | EMA200=RANGE | 1H=BEARISH | 15M=RANGE
2026-08-11 17:11:59,231 | INFO | ETH/USDT | WAIT | score=40.00 | 4H=RANGE | EMA200=BULLISH | 1H=BULLISH | 15M=BULLISH
2026-08-11 17:12:03,066 | INFO | SOL/USDT | WAIT | score=22.00 | 4H=RANGE | EMA200=BULLISH | 1H=BEARISH | 15M=RANGE
2026-08-11 17:12:07,813 | INFO | XRP/USDT | WAIT | score=30.00 | 4H=RANGE | EMA200=BEARISH | 1H=BEARISH | 15M=BEARISH
2026-08-11 17:13:12,367 | INFO | BTC/USDT | WAIT | score=24.00 | 4H=RANGE | EMA200=RANGE | 1H=BEARISH | 15M=RANGE
2026-08-11 17:13:17,722 | INFO | ETH/USDT | WAIT | score=40.00 | 4H=RANGE | EMA200=BULLISH | 1H=BULLISH | 15M=BULLISH
2026-08-11 17:13:22,431 | INFO | SOL/USDT | WAIT | score=22.00 | 4H=RANGE | EMA200=BULLISH | 1H=BEARISH | 15M=RANGE
2026-08-11 17:13:26,332 | INFO | XRP/USDT | WAIT | score=30.00 | 4H=RANGE | EMA200=BEARISH | 1H=BEARISH | 15M=BEARISH
2026-08-11 17:14:30,604 | INFO | BTC/USDT | WAIT | score=24.00 | 4H=RANGE | EMA200=RANGE | 1H=BEARISH | 15M=RANGE
2026-08-11 17:14:34,570 | INFO | ETH/USDT | WAIT | score=40.00 | 4H=RANGE | EMA200=BULLISH | 1H=BULLISH | 15M=BULLISH
2026-08-11 17:14:38,340 | INFO | SOL/USDT | WAIT | score=22.00 | 4H=RANGE | EMA200=BULLISH | 1H=BEARISH | 15M=RANGE
2026-08-11 17:14:42,461 | INFO | XRP/USDT | WAIT | score=30.00 | 4H=RANGE | EMA200=BEARISH | 1H=BEARISH | 15M=BEARISH
2026-08-11 17:15:46,544 | INFO | BTC/USDT | WAIT | score=19.00 | 4H=RANGE | EMA200=RANGE | 1H=BEARISH | 15M=RANGE
2026-08-11 17:15:50,513 | INFO | ETH/USDT | WAIT | score=40.00 | 4H=RANGE | EMA200=BULLISH | 1H=BULLISH | 15M=BULLISH
2026-08-11 17:15:54,743 | INFO | SOL/USDT | WAIT | score=17.00 | 4H=RANGE | EMA200=BULLISH | 1H=BEARISH | 15M=RANGE
2026-08-11 17:15:58,701 | INFO | XRP/USDT | WAIT | score=30.00 | 4H=RANGE | EMA200=BEARISH | 1H=BEARISH | 15M=BEARISH
2026-08-11 17:17:02,998 | INFO | BTC/USDT | WAIT | score=19.00 | 4H=RANGE | EMA200=RANGE | 1H=BEARISH | 15M=RANGE
2026-08-11 17:17:07,236 | INFO | ETH/USDT | WAIT | score=40.00 | 4H=RANGE | EMA200=BULLISH | 1H=BULLISH | 15M=BULLISH
2026-08-11 17:17:11,225 | INFO | SOL/USDT | WAIT | score=17.00 | 4H=RANGE | EMA200=BULLISH | 1H=BEARISH | 15M=RANGE
2026-08-11 17:17:15,202 | INFO | XRP/USDT | WAIT | score=30.00 | 4H=RANGE | EMA200=BEARISH | 1H=BEARISH | 15M=BEARISH
2026-08-11 17:18:19,145 | INFO | BTC/USDT | WAIT | score=19.00 | 4H=RANGE | EMA200=RANGE | 1H=BEARISH | 15M=RANGE
2026-08-11 17:18:23,083 | INFO | ETH/USDT | WAIT | score=40.00 | 4H=RANGE | EMA200=BULLISH | 1H=BULLISH | 15M=BULLISH
2026-08-11 17:18:27,022 | INFO | SOL/USDT | WAIT | score=17.00 | 4H=RANGE | EMA200=BULLISH | 1H=BEARISH | 15M=RANGE
2026-08-11 17:18:30,965 | INFO | XRP/USDT | WAIT | score=30.00 | 4H=RANGE | EMA200=BEARISH | 1H=BEARISH | 15M=BEARISH
2026-08-11 17:19:36,790 | INFO | BTC/USDT | WAIT | score=19.00 | 4H=RANGE | EMA200=RANGE | 1H=BEARISH | 15M=RANGE
2026-08-11 17:19:43,044 | INFO | ETH/USDT | WAIT | score=40.00 | 4H=RANGE | EMA200=BULLISH | 1H=BULLISH | 15M=BULLISH
2026-08-11 17:19:47,998 | INFO | SOL/USDT | WAIT | score=17.00 | 4H=RANGE | EMA200=BULLISH | 1H=BEARISH | 15M=RANGE
2026-08-11 17:19:52,664 | INFO | XRP/USDT | WAIT | score=30.00 | 4H=RANGE | EMA200=BEARISH | 1H=BEARISH | 15M=BEARISH
2026-08-11 17:21:00,627 | INFO | BTC/USDT | WAIT | score=19.00 | 4H=RANGE | EMA200=RANGE | 1H=BEARISH | 15M=RANGE
2026-08-11 17:21:10,182 | INFO | ETH/USDT | WAIT | score=40.00 | 4H=RANGE | EMA200=BULLISH | 1H=BULLISH | 15M=BULLISH
2026-08-11 17:21:15,893 | INFO | SOL/USDT | WAIT | score=17.00 | 4H=RANGE | EMA200=BULLISH | 1H=BEARISH | 15M=RANGE
2026-08-11 17:21:22,047 | INFO | XRP/USDT | WAIT | score=30.00 | 4H=RANGE | EMA200=BEARISH | 1H=BEARISH | 15M=BEARISH
2026-08-11 17:22:26,464 | INFO | BTC/USDT | WAIT | score=19.00 | 4H=RANGE | EMA200=RANGE | 1H=BEARISH | 15M=RANGE
2026-08-11 17:22:31,163 | INFO | ETH/USDT | WAIT | score=40.00 | 4H=RANGE | EMA200=BULLISH | 1H=BULLISH | 15M=BULLISH
2026-08-11 17:22:37,717 | INFO | SOL/USDT | WAIT | score=17.00 | 4H=RANGE | EMA200=BULLISH | 1H=BEARISH | 15M=RANGE
2026-08-11 17:22:44,445 | INFO | XRP/USDT | WAIT | score=30.00 | 4H=RANGE | EMA200=BEARISH | 1H=BEARISH | 15M=BEARISH
2026-08-11 17:23:48,206 | INFO | BTC/USDT | WAIT | score=19.00 | 4H=RANGE | EMA200=RANGE | 1H=BEARISH | 15M=RANGE
2026-08-11 17:23:52,434 | INFO | ETH/USDT | WAIT | score=40.00 | 4H=RANGE | EMA200=BULLISH | 1H=BULLISH | 15M=BULLISH
2026-08-11 17:23:56,842 | INFO | SOL/USDT | WAIT | score=17.00 | 4H=RANGE | EMA200=BULLISH | 1H=BEARISH | 15M=RANGE
2026-08-11 17:24:01,576 | INFO | XRP/USDT | WAIT | score=30.00 | 4H=RANGE | EMA200=BEARISH | 1H=BEARISH | 15M=BEARISH
2026-08-11 17:25:05,345 | INFO | BTC/USDT | WAIT | score=19.00 | 4H=RANGE | EMA200=RANGE | 1H=BEARISH | 15M=RANGE
2026-08-11 17:25:09,350 | INFO | ETH/USDT | WAIT | score=40.00 | 4H=RANGE | EMA200=BULLISH | 1H=BULLISH | 15M=BULLISH
2026-08-11 17:25:13,072 | INFO | SOL/USDT | WAIT | score=17.00 | 4H=RANGE | EMA200=BULLISH | 1H=BEARISH | 15M=RANGE
2026-08-11 17:25:16,905 | INFO | XRP/USDT | WAIT | score=30.00 | 4H=RANGE | EMA200=BEARISH | 1H=BEARISH | 15M=BEARISH
2026-08-11 17:26:20,671 | INFO | BTC/USDT | WAIT | score=19.00 | 4H=RANGE | EMA200=RANGE | 1H=BEARISH | 15M=RANGE
2026-08-11 17:26:24,500 | INFO | ETH/USDT | WAIT | score=40.00 | 4H=RANGE | EMA200=BULLISH | 1H=BULLISH | 15M=BULLISH
2026-08-11 17:26:28,279 | INFO | SOL/USDT | WAIT | score=17.00 | 4H=RANGE | EMA200=BULLISH | 1H=BEARISH | 15M=RANGE
2026-08-11 17:26:32,042 | INFO | XRP/USDT | WAIT | score=30.00 | 4H=RANGE | EMA200=BEARISH | 1H=BEARISH | 15M=BEARISH
2026-08-11 17:27:35,815 | INFO | BTC/USDT | WAIT | score=19.00 | 4H=RANGE | EMA200=RANGE | 1H=BEARISH | 15M=RANGE
2026-08-11 17:27:39,551 | INFO | ETH/USDT | WAIT | score=40.00 | 4H=RANGE | EMA200=BULLISH | 1H=BULLISH | 15M=BULLISH
2026-08-11 17:27:43,257 | INFO | SOL/USDT | WAIT | score=17.00 | 4H=RANGE | EMA200=BULLISH | 1H=BEARISH | 15M=RANGE
2026-08-11 17:27:47,226 | INFO | XRP/USDT | WAIT | score=30.00 | 4H=RANGE | EMA200=BEARISH | 1H=BEARISH | 15M=BEARISH
2026-08-11 17:28:51,574 | INFO | BTC/USDT | WAIT | score=19.00 | 4H=RANGE | EMA200=RANGE | 1H=BEARISH | 15M=RANGE
2026-08-11 17:28:55,786 | INFO | ETH/USDT | WAIT | score=40.00 | 4H=RANGE | EMA200=BULLISH | 1H=BULLISH | 15M=BULLISH
2026-08-11 17:28:59,511 | INFO | SOL/USDT | WAIT | score=17.00 | 4H=RANGE | EMA200=BULLISH | 1H=BEARISH | 15M=RANGE
2026-08-11 17:29:03,389 | INFO | XRP/USDT | WAIT | score=30.00 | 4H=RANGE | EMA200=BEARISH | 1H=BEARISH | 15M=BEARISH
2026-08-11 17:30:08,114 | INFO | BTC/USDT | WAIT | score=17.37 | 4H=RANGE | EMA200=RANGE | 1H=BEARISH | 15M=RANGE
2026-08-11 17:30:12,967 | INFO | ETH/USDT | WAIT | score=47.00 | 4H=RANGE | EMA200=BULLISH | 1H=BULLISH | 15M=RANGE
2026-08-11 17:30:17,379 | INFO | SOL/USDT | WAIT | score=34.00 | 4H=RANGE | EMA200=BULLISH | 1H=BEARISH | 15M=RANGE
2026-08-11 17:30:22,078 | INFO | XRP/USDT | WAIT | score=30.00 | 4H=RANGE | EMA200=BEARISH | 1H=BEARISH | 15M=RANGE
2026-08-11 17:31:25,772 | INFO | BTC/USDT | WAIT | score=17.37 | 4H=RANGE | EMA200=RANGE | 1H=BEARISH | 15M=RANGE
2026-08-11 17:31:29,747 | INFO | ETH/USDT | WAIT | score=47.00 | 4H=RANGE | EMA200=BULLISH | 1H=BULLISH | 15M=RANGE
2026-08-11 17:31:34,002 | INFO | SOL/USDT | WAIT | score=34.00 | 4H=RANGE | EMA200=BULLISH | 1H=BEARISH | 15M=RANGE
2026-08-11 17:31:39,038 | INFO | XRP/USDT | WAIT | score=30.00 | 4H=RANGE | EMA200=BEARISH | 1H=BEARISH | 15M=RANGE
2026-08-11 17:32:42,904 | INFO | BTC/USDT | WAIT | score=17.37 | 4H=RANGE | EMA200=RANGE | 1H=BEARISH | 15M=RANGE
2026-08-11 17:32:46,705 | INFO | ETH/USDT | WAIT | score=47.00 | 4H=RANGE | EMA200=BULLISH | 1H=BULLISH | 15M=RANGE
2026-08-11 17:32:50,621 | INFO | SOL/USDT | WAIT | score=34.00 | 4H=RANGE | EMA200=BULLISH | 1H=BEARISH | 15M=RANGE
2026-08-11 17:32:54,559 | INFO | XRP/USDT | WAIT | score=30.00 | 4H=RANGE | EMA200=BEARISH | 1H=BEARISH | 15M=RANGE
2026-08-11 17:34:02,416 | INFO | BTC/USDT | WAIT | score=17.37 | 4H=RANGE | EMA200=RANGE | 1H=BEARISH | 15M=RANGE
2026-08-11 17:34:20,229 | INFO | ETH/USDT | WAIT | score=47.00 | 4H=RANGE | EMA200=BULLISH | 1H=BULLISH | 15M=RANGE
2026-08-11 17:34:25,175 | INFO | SOL/USDT | WAIT | score=34.00 | 4H=RANGE | EMA200=BULLISH | 1H=BEARISH | 15M=RANGE
2026-08-11 17:34:32,146 | INFO | XRP/USDT | WAIT | score=30.00 | 4H=RANGE | EMA200=BEARISH | 1H=BEARISH | 15M=RANGE
2026-08-11 17:35:36,768 | INFO | BTC/USDT | WAIT | score=17.37 | 4H=RANGE | EMA200=RANGE | 1H=BEARISH | 15M=RANGE
2026-08-11 17:35:43,252 | INFO | ETH/USDT | WAIT | score=47.00 | 4H=RANGE | EMA200=BULLISH | 1H=BULLISH | 15M=RANGE
2026-08-11 17:35:52,313 | INFO | SOL/USDT | WAIT | score=34.00 | 4H=RANGE | EMA200=BULLISH | 1H=BEARISH | 15M=RANGE
2026-08-11 17:35:56,083 | INFO | XRP/USDT | WAIT | score=30.00 | 4H=RANGE | EMA200=BEARISH | 1H=BEARISH | 15M=RANGE
2026-08-11 17:36:59,878 | INFO | BTC/USDT | WAIT | score=17.37 | 4H=RANGE | EMA200=RANGE | 1H=BEARISH | 15M=RANGE
2026-08-11 17:37:03,630 | INFO | ETH/USDT | WAIT | score=47.00 | 4H=RANGE | EMA200=BULLISH | 1H=BULLISH | 15M=RANGE
2026-08-11 17:37:07,269 | INFO | SOL/USDT | WAIT | score=34.00 | 4H=RANGE | EMA200=BULLISH | 1H=BEARISH | 15M=RANGE
2026-08-11 17:37:11,003 | INFO | XRP/USDT | WAIT | score=30.00 | 4H=RANGE | EMA200=BEARISH | 1H=BEARISH | 15M=RANGE
2026-08-11 17:38:15,075 | INFO | BTC/USDT | WAIT | score=17.37 | 4H=RANGE | EMA200=RANGE | 1H=BEARISH | 15M=RANGE
2026-08-11 17:38:18,765 | INFO | ETH/USDT | WAIT | score=47.00 | 4H=RANGE | EMA200=BULLISH | 1H=BULLISH | 15M=RANGE
2026-08-11 17:38:22,521 | INFO | SOL/USDT | WAIT | score=34.00 | 4H=RANGE | EMA200=BULLISH | 1H=BEARISH | 15M=RANGE
2026-08-11 17:38:26,691 | INFO | XRP/USDT | WAIT | score=30.00 | 4H=RANGE | EMA200=BEARISH | 1H=BEARISH | 15M=RANGE
2026-08-11 17:39:30,468 | INFO | BTC/USDT | WAIT | score=17.37 | 4H=RANGE | EMA200=RANGE | 1H=BEARISH | 15M=RANGE
2026-08-11 17:39:34,193 | INFO | ETH/USDT | WAIT | score=47.00 | 4H=RANGE | EMA200=BULLISH | 1H=BULLISH | 15M=RANGE
2026-08-11 17:39:39,982 | INFO | SOL/USDT | WAIT | score=34.00 | 4H=RANGE | EMA200=BULLISH | 1H=BEARISH | 15M=RANGE
2026-08-11 17:39:44,126 | INFO | XRP/USDT | WAIT | score=30.00 | 4H=RANGE | EMA200=BEARISH | 1H=BEARISH | 15M=RANGE
2026-08-11 17:40:47,844 | INFO | BTC/USDT | WAIT | score=17.37 | 4H=RANGE | EMA200=RANGE | 1H=BEARISH | 15M=RANGE
2026-08-11 17:40:51,640 | INFO | ETH/USDT | WAIT | score=47.00 | 4H=RANGE | EMA200=BULLISH | 1H=BULLISH | 15M=RANGE
2026-08-11 17:40:55,314 | INFO | SOL/USDT | WAIT | score=34.00 | 4H=RANGE | EMA200=BULLISH | 1H=BEARISH | 15M=RANGE
2026-08-11 17:40:59,008 | INFO | XRP/USDT | WAIT | score=30.00 | 4H=RANGE | EMA200=BEARISH | 1H=BEARISH | 15M=RANGE
2026-08-11 17:42:02,774 | INFO | BTC/USDT | WAIT | score=17.37 | 4H=RANGE | EMA200=RANGE | 1H=BEARISH | 15M=RANGE
2026-08-11 17:42:06,455 | INFO | ETH/USDT | WAIT | score=47.00 | 4H=RANGE | EMA200=BULLISH | 1H=BULLISH | 15M=RANGE
2026-08-11 17:42:10,469 | INFO | SOL/USDT | WAIT | score=34.00 | 4H=RANGE | EMA200=BULLISH | 1H=BEARISH | 15M=RANGE
2026-08-11 17:42:14,203 | INFO | XRP/USDT | WAIT | score=30.00 | 4H=RANGE | EMA200=BEARISH | 1H=BEARISH | 15M=RANGE
2026-08-11 17:43:18,712 | INFO | BTC/USDT | WAIT | score=17.37 | 4H=RANGE | EMA200=RANGE | 1H=BEARISH | 15M=RANGE
2026-08-11 17:43:26,692 | INFO | ETH/USDT | WAIT | score=47.00 | 4H=RANGE | EMA200=BULLISH | 1H=BULLISH | 15M=RANGE
2026-08-11 17:43:40,039 | INFO | SOL/USDT | WAIT | score=34.00 | 4H=RANGE | EMA200=BULLISH | 1H=BEARISH | 15M=RANGE
2026-08-11 17:43:44,582 | INFO | XRP/USDT | WAIT | score=30.00 | 4H=RANGE | EMA200=BEARISH | 1H=BEARISH | 15M=RANGE
2026-08-11 17:44:48,726 | INFO | BTC/USDT | WAIT | score=17.37 | 4H=RANGE | EMA200=RANGE | 1H=BEARISH | 15M=RANGE
2026-08-11 17:44:53,044 | INFO | ETH/USDT | WAIT | score=47.00 | 4H=RANGE | EMA200=BULLISH | 1H=BULLISH | 15M=RANGE
2026-08-11 17:44:56,675 | INFO | SOL/USDT | WAIT | score=34.00 | 4H=RANGE | EMA200=BULLISH | 1H=BEARISH | 15M=RANGE
2026-08-11 17:45:03,524 | INFO | XRP/USDT | WAIT | score=34.00 | 4H=RANGE | EMA200=BEARISH | 1H=BEARISH | 15M=RANGE
2026-08-11 17:46:07,635 | INFO | BTC/USDT | WAIT | score=19.00 | 4H=RANGE | EMA200=RANGE | 1H=BEARISH | 15M=RANGE
2026-08-11 17:46:13,228 | INFO | ETH/USDT | WAIT | score=42.00 | 4H=RANGE | EMA200=BULLISH | 1H=BULLISH | 15M=RANGE
2026-08-11 17:46:19,232 | INFO | SOL/USDT | WAIT | score=36.00 | 4H=RANGE | EMA200=BULLISH | 1H=BEARISH | 15M=RANGE
2026-08-11 17:46:25,632 | INFO | XRP/USDT | WAIT | score=34.00 | 4H=RANGE | EMA200=BEARISH | 1H=BEARISH | 15M=RANGE
2026-08-11 17:47:33,097 | INFO | BTC/USDT | WAIT | score=19.00 | 4H=RANGE | EMA200=RANGE | 1H=BEARISH | 15M=RANGE
2026-08-11 17:47:38,199 | INFO | ETH/USDT | WAIT | score=42.00 | 4H=RANGE | EMA200=BULLISH | 1H=BULLISH | 15M=RANGE
2026-08-11 17:47:42,502 | INFO | SOL/USDT | WAIT | score=36.00 | 4H=RANGE | EMA200=BULLISH | 1H=BEARISH | 15M=RANGE
2026-08-11 17:47:46,659 | INFO | XRP/USDT | WAIT | score=34.00 | 4H=RANGE | EMA200=BEARISH | 1H=BEARISH | 15M=RANGE
2026-08-11 17:48:50,753 | INFO | BTC/USDT | WAIT | score=19.00 | 4H=RANGE | EMA200=RANGE | 1H=BEARISH | 15M=RANGE
2026-08-11 17:48:55,076 | INFO | ETH/USDT | WAIT | score=42.00 | 4H=RANGE | EMA200=BULLISH | 1H=BULLISH | 15M=RANGE
2026-08-11 17:48:58,963 | INFO | SOL/USDT | WAIT | score=36.00 | 4H=RANGE | EMA200=BULLISH | 1H=BEARISH | 15M=RANGE
2026-08-11 17:49:03,286 | INFO | XRP/USDT | WAIT | score=34.00 | 4H=RANGE | EMA200=BEARISH | 1H=BEARISH | 15M=RANGE
2026-08-11 17:50:11,278 | INFO | BTC/USDT | WAIT | score=19.00 | 4H=RANGE | EMA200=RANGE | 1H=BEARISH | 15M=RANGE
2026-08-11 17:50:19,548 | INFO | ETH/USDT | WAIT | score=42.00 | 4H=RANGE | EMA200=BULLISH | 1H=BULLISH | 15M=RANGE
2026-08-11 17:50:25,526 | INFO | SOL/USDT | WAIT | score=36.00 | 4H=RANGE | EMA200=BULLISH | 1H=BEARISH | 15M=RANGE
2026-08-11 17:50:30,081 | INFO | XRP/USDT | WAIT | score=34.00 | 4H=RANGE | EMA200=BEARISH | 1H=BEARISH | 15M=RANGE
2026-08-11 17:51:45,586 | INFO | BTC/USDT | WAIT | score=19.00 | 4H=RANGE | EMA200=RANGE | 1H=BEARISH | 15M=RANGE
2026-08-11 17:51:53,576 | INFO | ETH/USDT | WAIT | score=42.00 | 4H=RANGE | EMA200=BULLISH | 1H=BULLISH | 15M=RANGE
2026-08-11 17:51:57,631 | INFO | SOL/USDT | WAIT | score=36.00 | 4H=RANGE | EMA200=BULLISH | 1H=BEARISH | 15M=RANGE
2026-08-11 17:52:03,238 | INFO | XRP/USDT | WAIT | score=34.00 | 4H=RANGE | EMA200=BEARISH | 1H=BEARISH | 15M=RANGE
2026-08-11 17:53:27,648 | ERROR | BTC/USDT | analysis failed: binance GET https://api.binance.com/api/v3/klines?interval=4h&limit=500&symbol=BTCUSDT
Traceback (most recent call last):
  File "/data/data/com.termux/files/usr/lib/python3.13/site-packages/urllib3/response.py", line 905, in _error_catcher
    yield
  File "/data/data/com.termux/files/usr/lib/python3.13/site-packages/urllib3/response.py", line 1022, in _raw_read
    data = self._fp_read(amt, read1=read1) if not fp_closed else b""
           ~~~~~~~~~~~~~^^^^^^^^^^^^^^^^^^
  File "/data/data/com.termux/files/usr/lib/python3.13/site-packages/urllib3/response.py", line 1005, in _fp_read
    return self._fp.read(amt) if amt is not None else self._fp.read()
           ~~~~~~~~~~~~~^^^^^
  File "/data/data/com.termux/files/usr/lib/python3.13/http/client.py", line 484, in read
    s = self.fp.read(amt)
  File "/data/data/com.termux/files/usr/lib/python3.13/socket.py", line 719, in readinto
    return self._sock.recv_into(b)
           ~~~~~~~~~~~~~~~~~~~~^^^
  File "/data/data/com.termux/files/usr/lib/python3.13/ssl.py", line 1304, in recv_into
    return self.read(nbytes, buffer)
           ~~~~~~~~~^^^^^^^^^^^^^^^^
  File "/data/data/com.termux/files/usr/lib/python3.13/ssl.py", line 1138, in read
    return self._sslobj.read(len, buffer)
           ~~~~~~~~~~~~~~~~~^^^^^^^^^^^^^
TimeoutError: The read operation timed out

The above exception was the direct cause of the following exception:

Traceback (most recent call last):
  File "/data/data/com.termux/files/usr/lib/python3.13/site-packages/requests/models.py", line 937, in generate
    yield from self.raw.stream(chunk_size, decode_content=True)
  File "/data/data/com.termux/files/usr/lib/python3.13/site-packages/urllib3/response.py", line 1267, in stream
    data = self.read(amt=amt, decode_content=decode_content)
  File "/data/data/com.termux/files/usr/lib/python3.13/site-packages/urllib3/response.py", line 1110, in read
    data = self._raw_read(amt)
  File "/data/data/com.termux/files/usr/lib/python3.13/site-packages/urllib3/response.py", line 1021, in _raw_read
    with self._error_catcher():
         ~~~~~~~~~~~~~~~~~~~^^
  File "/data/data/com.termux/files/usr/lib/python3.13/contextlib.py", line 162, in __exit__
    self.gen.throw(value)
    ~~~~~~~~~~~~~~^^^^^^^
  File "/data/data/com.termux/files/usr/lib/python3.13/site-packages/urllib3/response.py", line 910, in _error_catcher
    raise ReadTimeoutError(self._pool, None, "Read timed out.") from e  # type: ignore[arg-type]
    ^^^^^^^^^^^^^^^^^^^^^^^^^^^^^^^^^^^^^^^^^^^^^^^^^^^^^^^^^^^^^^^^^^
urllib3.exceptions.ReadTimeoutError: HTTPSConnectionPool(host='api.binance.com', port=443): Read timed out.

During handling of the above exception, another exception occurred:

Traceback (most recent call last):
  File "/data/data/com.termux/files/usr/lib/python3.13/site-packages/ccxt/base/exchange.py", line 623, in fetch
    response = self.session.request(
        method,
    ...<6 lines>...
        files=files
    )
  File "/data/data/com.termux/files/usr/lib/python3.13/site-packages/requests/sessions.py", line 651, in request
    resp = self.send(prep, **send_kwargs)
  File "/data/data/com.termux/files/usr/lib/python3.13/site-packages/requests/sessions.py", line 827, in send
    r.content
  File "/data/data/com.termux/files/usr/lib/python3.13/site-packages/requests/models.py", line 1042, in content
    self._content = b"".join(self.iter_content(CONTENT_CHUNK_SIZE)) or b""
                    ~~~~~~~~^^^^^^^^^^^^^^^^^^^^^^^^^^^^^^^^^^^^^^^
  File "/data/data/com.termux/files/usr/lib/python3.13/site-packages/requests/models.py", line 943, in generate
    raise ConnectionError(e)
requests.exceptions.ConnectionError: HTTPSConnectionPool(host='api.binance.com', port=443): Read timed out.

The above exception was the direct cause of the following exception:

Traceback (most recent call last):
  File "/data/data/com.termux/files/home/downloads/excora_institutional_mtf_final.py", line 1104, in process
    s = self.analyze_symbol(symbol)
  File "/data/data/com.termux/files/home/downloads/excora_institutional_mtf_final.py", line 1089, in analyze_symbol
    raw[key] = self.market.fetch(
               ~~~~~~~~~~~~~~~~~^
        symbol, tf, self.cfg.CANDLE_LIMIT
        ^^^^^^^^^^^^^^^^^^^^^^^^^^^^^^^^^
    )
    ^
  File "/data/data/com.termux/files/home/downloads/excora_institutional_mtf_final.py", line 268, in fetch
    raw = self.exchange.fetch_ohlcv(
        symbol, timeframe=timeframe, limit=limit
    )
  File "/data/data/com.termux/files/usr/lib/python3.13/site-packages/ccxt/binance.py", line 4807, in fetch_ohlcv
    response = self.publicGetKlines(self.extend(request, params))
  File "/data/data/com.termux/files/usr/lib/python3.13/site-packages/ccxt/base/types.py", line 38, in unbound_method
    return _self.request(self.path, self.api, self.method, params, config=self.config)
           ~~~~~~~~~~~~~^^^^^^^^^^^^^^^^^^^^^^^^^^^^^^^^^^^^^^^^^^^^^^^^^^^^^^^^^^^^^^
  File "/data/data/com.termux/files/usr/lib/python3.13/site-packages/ccxt/binance.py", line 11933, in request
    response = self.fetch2(path, api, method, params, headers, body, config)
  File "/data/data/com.termux/files/usr/lib/python3.13/site-packages/ccxt/base/exchange.py", line 5703, in fetch2
    raise e
  File "/data/data/com.termux/files/usr/lib/python3.13/site-packages/ccxt/base/exchange.py", line 5686, in fetch2
    response = self.fetch(request['url'], request['method'], request['headers'], request['body'])
  File "/data/data/com.termux/files/usr/lib/python3.13/site-packages/ccxt/base/exchange.py", line 677, in fetch
    raise RequestTimeout(details) from e
ccxt.base.errors.RequestTimeout: binance GET https://api.binance.com/api/v3/klines?interval=4h&limit=500&symbol=BTCUSDT
2026-08-11 17:53:36,801 | INFO | ETH/USDT | WAIT | score=42.00 | 4H=RANGE | EMA200=BULLISH | 1H=BULLISH | 15M=RANGE
2026-08-11 17:53:53,703 | INFO | SOL/USDT | WAIT | score=36.00 | 4H=RANGE | EMA200=BULLISH | 1H=BEARISH | 15M=RANGE
2026-08-11 17:54:10,680 | INFO | XRP/USDT | WAIT | score=34.00 | 4H=RANGE | EMA200=BEARISH | 1H=BEARISH | 15M=RANGE
2026-08-11 17:55:14,512 | INFO | BTC/USDT | WAIT | score=19.00 | 4H=RANGE | EMA200=RANGE | 1H=BEARISH | 15M=RANGE
2026-08-11 17:55:18,444 | INFO | ETH/USDT | WAIT | score=42.00 | 4H=RANGE | EMA200=BULLISH | 1H=BULLISH | 15M=RANGE
2026-08-11 17:55:22,310 | INFO | SOL/USDT | WAIT | score=36.00 | 4H=RANGE | EMA200=BULLISH | 1H=BEARISH | 15M=RANGE
2026-08-11 17:55:26,584 | INFO | XRP/USDT | WAIT | score=34.00 | 4H=RANGE | EMA200=BEARISH | 1H=BEARISH | 15M=RANGE
2026-08-11 17:56:30,584 | INFO | BTC/USDT | WAIT | score=19.00 | 4H=RANGE | EMA200=RANGE | 1H=BEARISH | 15M=RANGE
2026-08-11 17:56:34,318 | INFO | ETH/USDT | WAIT | score=42.00 | 4H=RANGE | EMA200=BULLISH | 1H=BULLISH | 15M=RANGE
2026-08-11 17:56:38,556 | INFO | SOL/USDT | WAIT | score=36.00 | 4H=RANGE | EMA200=BULLISH | 1H=BEARISH | 15M=RANGE
2026-08-11 17:56:42,849 | INFO | XRP/USDT | WAIT | score=34.00 | 4H=RANGE | EMA200=BEARISH | 1H=BEARISH | 15M=RANGE
2026-08-11 17:57:49,484 | INFO | BTC/USDT | WAIT | score=19.00 | 4H=RANGE | EMA200=RANGE | 1H=BEARISH | 15M=RANGE
2026-08-11 17:57:53,243 | INFO | ETH/USDT | WAIT | score=42.00 | 4H=RANGE | EMA200=BULLISH | 1H=BULLISH | 15M=RANGE
2026-08-11 17:57:56,984 | INFO | SOL/USDT | WAIT | score=36.00 | 4H=RANGE | EMA200=BULLISH | 1H=BEARISH | 15M=RANGE
2026-08-11 17:58:00,829 | INFO | XRP/USDT | WAIT | score=34.00 | 4H=RANGE | EMA200=BEARISH | 1H=BEARISH | 15M=RANGE
2026-08-11 17:59:04,721 | INFO | BTC/USDT | WAIT | score=19.00 | 4H=RANGE | EMA200=RANGE | 1H=BEARISH | 15M=RANGE
2026-08-11 17:59:08,654 | INFO | ETH/USDT | WAIT | score=42.00 | 4H=RANGE | EMA200=BULLISH | 1H=BULLISH | 15M=RANGE
2026-08-11 17:59:12,537 | INFO | SOL/USDT | WAIT | score=36.00 | 4H=RANGE | EMA200=BULLISH | 1H=BEARISH | 15M=RANGE
2026-08-11 17:59:16,870 | INFO | XRP/USDT | WAIT | score=34.00 | 4H=RANGE | EMA200=BEARISH | 1H=BEARISH | 15M=RANGE
2026-08-11 18:00:20,921 | INFO | BTC/USDT | WAIT | score=43.00 | 4H=RANGE | EMA200=RANGE | 1H=BEARISH | 15M=RANGE
2026-08-11 18:00:24,666 | INFO | ETH/USDT | WAIT | score=37.00 | 4H=RANGE | EMA200=BULLISH | 1H=BULLISH | 15M=RANGE
2026-08-11 18:00:28,565 | INFO | SOL/USDT | WAIT | score=26.00 | 4H=RANGE | EMA200=BULLISH | 1H=RANGE | 15M=RANGE
2026-08-11 18:00:32,324 | INFO | XRP/USDT | WAIT | score=51.00 | 4H=RANGE | EMA200=BEARISH | 1H=BEARISH | 15M=BULLISH
2026-08-11 18:01:36,333 | INFO | BTC/USDT | WAIT | score=43.00 | 4H=RANGE | EMA200=RANGE | 1H=BEARISH | 15M=RANGE
2026-08-11 18:01:40,305 | INFO | ETH/USDT | WAIT | score=37.00 | 4H=RANGE | EMA200=BULLISH | 1H=BULLISH | 15M=RANGE
2026-08-11 18:01:44,140 | INFO | SOL/USDT | WAIT | score=26.00 | 4H=RANGE | EMA200=BULLISH | 1H=RANGE | 15M=RANGE
2026-08-11 18:01:47,958 | INFO | XRP/USDT | WAIT | score=51.00 | 4H=RANGE | EMA200=BEARISH | 1H=BEARISH | 15M=BULLISH
2026-08-11 18:02:51,733 | INFO | BTC/USDT | WAIT | score=43.00 | 4H=RANGE | EMA200=RANGE | 1H=BEARISH | 15M=RANGE
2026-08-11 18:02:55,924 | INFO | ETH/USDT | WAIT | score=37.00 | 4H=RANGE | EMA200=BULLISH | 1H=BULLISH | 15M=RANGE
2026-08-11 18:03:00,216 | INFO | SOL/USDT | WAIT | score=26.00 | 4H=RANGE | EMA200=BULLISH | 1H=RANGE | 15M=RANGE
2026-08-11 18:03:04,374 | INFO | XRP/USDT | WAIT | score=51.00 | 4H=RANGE | EMA200=BEARISH | 1H=BEARISH | 15M=BULLISH
2026-08-11 18:04:08,340 | INFO | BTC/USDT | WAIT | score=43.00 | 4H=RANGE | EMA200=RANGE | 1H=BEARISH | 15M=RANGE
2026-08-11 18:04:12,503 | INFO | ETH/USDT | WAIT | score=37.00 | 4H=RANGE | EMA200=BULLISH | 1H=BULLISH | 15M=RANGE
2026-08-11 18:04:16,630 | INFO | SOL/USDT | WAIT | score=26.00 | 4H=RANGE | EMA200=BULLISH | 1H=RANGE | 15M=RANGE
2026-08-11 18:04:20,608 | INFO | XRP/USDT | WAIT | score=51.00 | 4H=RANGE | EMA200=BEARISH | 1H=BEARISH | 15M=BULLISH
2026-08-11 18:05:24,488 | INFO | BTC/USDT | WAIT | score=43.00 | 4H=RANGE | EMA200=RANGE | 1H=BEARISH | 15M=RANGE
2026-08-11 18:05:28,774 | INFO | ETH/USDT | WAIT | score=37.00 | 4H=RANGE | EMA200=BULLISH | 1H=BULLISH | 15M=RANGE
2026-08-11 18:05:32,683 | INFO | SOL/USDT | WAIT | score=26.00 | 4H=RANGE | EMA200=BULLISH | 1H=RANGE | 15M=RANGE
2026-08-11 18:05:36,662 | INFO | XRP/USDT | WAIT | score=51.00 | 4H=RANGE | EMA200=BEARISH | 1H=BEARISH | 15M=BULLISH
2026-08-11 18:06:40,982 | INFO | BTC/USDT | WAIT | score=43.00 | 4H=RANGE | EMA200=RANGE | 1H=BEARISH | 15M=RANGE
2026-08-11 18:06:45,198 | INFO | ETH/USDT | WAIT | score=37.00 | 4H=RANGE | EMA200=BULLISH | 1H=BULLISH | 15M=RANGE
2026-08-11 18:06:49,058 | INFO | SOL/USDT | WAIT | score=26.00 | 4H=RANGE | EMA200=BULLISH | 1H=RANGE | 15M=RANGE
2026-08-11 18:06:53,212 | INFO | XRP/USDT | WAIT | score=51.00 | 4H=RANGE | EMA200=BEARISH | 1H=BEARISH | 15M=BULLISH
2026-08-11 18:07:57,590 | INFO | BTC/USDT | WAIT | score=43.00 | 4H=RANGE | EMA200=RANGE | 1H=BEARISH | 15M=RANGE
2026-08-11 18:08:01,938 | INFO | ETH/USDT | WAIT | score=37.00 | 4H=RANGE | EMA200=BULLISH | 1H=BULLISH | 15M=RANGE
2026-08-11 18:08:06,099 | INFO | SOL/USDT | WAIT | score=26.00 | 4H=RANGE | EMA200=BULLISH | 1H=RANGE | 15M=RANGE
2026-08-11 18:08:10,206 | INFO | XRP/USDT | WAIT | score=51.00 | 4H=RANGE | EMA200=BEARISH | 1H=BEARISH | 15M=BULLISH
2026-08-11 18:09:14,508 | INFO | BTC/USDT | WAIT | score=43.00 | 4H=RANGE | EMA200=RANGE | 1H=BEARISH | 15M=RANGE
2026-08-11 18:09:18,984 | INFO | ETH/USDT | WAIT | score=37.00 | 4H=RANGE | EMA200=BULLISH | 1H=BULLISH | 15M=RANGE
2026-08-11 18:09:23,077 | INFO | SOL/USDT | WAIT | score=26.00 | 4H=RANGE | EMA200=BULLISH | 1H=RANGE | 15M=RANGE
2026-08-11 18:09:28,062 | INFO | XRP/USDT | WAIT | score=51.00 | 4H=RANGE | EMA200=BEARISH | 1H=BEARISH | 15M=BULLISH
2026-08-11 18:10:32,316 | INFO | BTC/USDT | WAIT | score=43.00 | 4H=RANGE | EMA200=RANGE | 1H=BEARISH | 15M=RANGE
2026-08-11 18:10:36,271 | INFO | ETH/USDT | WAIT | score=37.00 | 4H=RANGE | EMA200=BULLISH | 1H=BULLISH | 15M=RANGE
2026-08-11 18:10:40,321 | INFO | SOL/USDT | WAIT | score=26.00 | 4H=RANGE | EMA200=BULLISH | 1H=RANGE | 15M=RANGE
2026-08-11 18:10:45,427 | INFO | XRP/USDT | WAIT | score=51.00 | 4H=RANGE | EMA200=BEARISH | 1H=BEARISH | 15M=BULLISH
2026-08-11 18:11:50,447 | INFO | BTC/USDT | WAIT | score=43.00 | 4H=RANGE | EMA200=RANGE | 1H=BEARISH | 15M=RANGE
2026-08-11 18:11:55,380 | INFO | ETH/USDT | WAIT | score=37.00 | 4H=RANGE | EMA200=BULLISH | 1H=BULLISH | 15M=RANGE
2026-08-11 18:11:59,901 | INFO | SOL/USDT | WAIT | score=26.00 | 4H=RANGE | EMA200=BULLISH | 1H=RANGE | 15M=RANGE
2026-08-11 18:12:04,036 | INFO | XRP/USDT | WAIT | score=51.00 | 4H=RANGE | EMA200=BEARISH | 1H=BEARISH | 15M=BULLISH
2026-08-11 18:13:09,046 | INFO | BTC/USDT | WAIT | score=43.00 | 4H=RANGE | EMA200=RANGE | 1H=BEARISH | 15M=RANGE
2026-08-11 18:13:12,497 | INFO | ETH/USDT | WAIT | score=37.00 | 4H=RANGE | EMA200=BULLISH | 1H=BULLISH | 15M=RANGE
2026-08-11 18:13:15,976 | INFO | SOL/USDT | WAIT | score=26.00 | 4H=RANGE | EMA200=BULLISH | 1H=RANGE | 15M=RANGE
2026-08-11 18:13:19,457 | INFO | XRP/USDT | WAIT | score=51.00 | 4H=RANGE | EMA200=BEARISH | 1H=BEARISH | 15M=BULLISH
2026-08-11 18:14:22,975 | INFO | BTC/USDT | WAIT | score=43.00 | 4H=RANGE | EMA200=RANGE | 1H=BEARISH | 15M=RANGE
2026-08-11 18:14:26,491 | INFO | ETH/USDT | WAIT | score=37.00 | 4H=RANGE | EMA200=BULLISH | 1H=BULLISH | 15M=RANGE
2026-08-11 18:14:30,127 | INFO | SOL/USDT | WAIT | score=26.00 | 4H=RANGE | EMA200=BULLISH | 1H=RANGE | 15M=RANGE
2026-08-11 18:14:33,856 | INFO | XRP/USDT | WAIT | score=51.00 | 4H=RANGE | EMA200=BEARISH | 1H=BEARISH | 15M=BULLISH
2026-08-11 18:15:37,304 | INFO | BTC/USDT | WAIT | score=36.00 | 4H=RANGE | EMA200=RANGE | 1H=BEARISH | 15M=BEARISH
2026-08-11 18:15:41,776 | INFO | ETH/USDT | WAIT | score=32.00 | 4H=RANGE | EMA200=BULLISH | 1H=BULLISH | 15M=RANGE
2026-08-11 18:15:45,241 | INFO | SOL/USDT | WAIT | score=26.00 | 4H=RANGE | EMA200=BULLISH | 1H=RANGE | 15M=RANGE
2026-08-11 18:15:48,942 | INFO | XRP/USDT | WAIT | score=49.00 | 4H=RANGE | EMA200=BEARISH | 1H=BEARISH | 15M=BULLISH
2026-08-11 18:16:52,358 | INFO | BTC/USDT | WAIT | score=36.00 | 4H=RANGE | EMA200=RANGE | 1H=BEARISH | 15M=BEARISH
2026-08-11 18:16:55,796 | INFO | ETH/USDT | WAIT | score=32.00 | 4H=RANGE | EMA200=BULLISH | 1H=BULLISH | 15M=RANGE
2026-08-11 18:16:59,461 | INFO | SOL/USDT | WAIT | score=26.00 | 4H=RANGE | EMA200=BULLISH | 1H=RANGE | 15M=RANGE
2026-08-11 18:17:03,748 | INFO | XRP/USDT | WAIT | score=49.00 | 4H=RANGE | EMA200=BEARISH | 1H=BEARISH | 15M=BULLISH
2026-08-11 18:18:07,569 | INFO | BTC/USDT | WAIT | score=36.00 | 4H=RANGE | EMA200=RANGE | 1H=BEARISH | 15M=BEARISH
2026-08-11 18:18:11,055 | INFO | ETH/USDT | WAIT | score=32.00 | 4H=RANGE | EMA200=BULLISH | 1H=BULLISH | 15M=RANGE
2026-08-11 18:18:14,720 | INFO | SOL/USDT | WAIT | score=26.00 | 4H=RANGE | EMA200=BULLISH | 1H=RANGE | 15M=RANGE
2026-08-11 18:18:18,466 | INFO | XRP/USDT | WAIT | score=49.00 | 4H=RANGE | EMA200=BEARISH | 1H=BEARISH | 15M=BULLISH
2026-08-11 18:19:22,851 | INFO | BTC/USDT | WAIT | score=36.00 | 4H=RANGE | EMA200=RANGE | 1H=BEARISH | 15M=BEARISH
2026-08-11 18:19:27,849 | INFO | ETH/USDT | WAIT | score=32.00 | 4H=RANGE | EMA200=BULLISH | 1H=BULLISH | 15M=RANGE
2026-08-11 18:19:31,704 | INFO | SOL/USDT | WAIT | score=26.00 | 4H=RANGE | EMA200=BULLISH | 1H=RANGE | 15M=RANGE
2026-08-11 18:19:35,418 | INFO | XRP/USDT | WAIT | score=49.00 | 4H=RANGE | EMA200=BEARISH | 1H=BEARISH | 15M=BULLISH
2026-08-11 18:20:39,334 | INFO | BTC/USDT | WAIT | score=36.00 | 4H=RANGE | EMA200=RANGE | 1H=BEARISH | 15M=BEARISH
2026-08-11 18:20:43,605 | INFO | ETH/USDT | WAIT | score=32.00 | 4H=RANGE | EMA200=BULLISH | 1H=BULLISH | 15M=RANGE
2026-08-11 18:20:47,286 | INFO | SOL/USDT | WAIT | score=26.00 | 4H=RANGE | EMA200=BULLISH | 1H=RANGE | 15M=RANGE
2026-08-11 18:20:50,862 | INFO | XRP/USDT | WAIT | score=49.00 | 4H=RANGE | EMA200=BEARISH | 1H=BEARISH | 15M=BULLISH
2026-08-11 18:21:54,613 | INFO | BTC/USDT | WAIT | score=36.00 | 4H=RANGE | EMA200=RANGE | 1H=BEARISH | 15M=BEARISH
2026-08-11 18:21:58,431 | INFO | ETH/USDT | WAIT | score=32.00 | 4H=RANGE | EMA200=BULLISH | 1H=BULLISH | 15M=RANGE
2026-08-11 18:22:02,111 | INFO | SOL/USDT | WAIT | score=26.00 | 4H=RANGE | EMA200=BULLISH | 1H=RANGE | 15M=RANGE
2026-08-11 18:22:05,830 | INFO | XRP/USDT | WAIT | score=49.00 | 4H=RANGE | EMA200=BEARISH | 1H=BEARISH | 15M=BULLISH
2026-08-11 18:23:09,636 | INFO | BTC/USDT | WAIT | score=36.00 | 4H=RANGE | EMA200=RANGE | 1H=BEARISH | 15M=BEARISH
2026-08-11 18:23:14,017 | INFO | ETH/USDT | WAIT | score=32.00 | 4H=RANGE | EMA200=BULLISH | 1H=BULLISH | 15M=RANGE
2026-08-11 18:23:18,296 | INFO | SOL/USDT | WAIT | score=26.00 | 4H=RANGE | EMA200=BULLISH | 1H=RANGE | 15M=RANGE
2026-08-11 18:23:22,129 | INFO | XRP/USDT | WAIT | score=49.00 | 4H=RANGE | EMA200=BEARISH | 1H=BEARISH | 15M=BULLISH
2026-08-11 18:24:28,474 | INFO | BTC/USDT | WAIT | score=36.00 | 4H=RANGE | EMA200=RANGE | 1H=BEARISH | 15M=BEARISH
2026-08-11 18:24:33,879 | INFO | ETH/USDT | WAIT | score=32.00 | 4H=RANGE | EMA200=BULLISH | 1H=BULLISH | 15M=RANGE
2026-08-11 18:24:38,362 | INFO | SOL/USDT | WAIT | score=26.00 | 4H=RANGE | EMA200=BULLISH | 1H=RANGE | 15M=RANGE
2026-08-11 18:24:42,341 | INFO | XRP/USDT | WAIT | score=49.00 | 4H=RANGE | EMA200=BEARISH | 1H=BEARISH | 15M=BULLISH
2026-08-11 18:37:49,514 | ERROR | BTC/USDT | analysis failed: binance GET https://api.binance.com/api/v3/klines?interval=4h&limit=500&symbol=BTCUSDT
Traceback (most recent call last):
  File "/data/data/com.termux/files/usr/lib/python3.13/site-packages/urllib3/connectionpool.py", line 534, in _make_request
    response = conn.getresponse()
  File "/data/data/com.termux/files/usr/lib/python3.13/site-packages/urllib3/connection.py", line 571, in getresponse
    httplib_response = super().getresponse()
  File "/data/data/com.termux/files/usr/lib/python3.13/http/client.py", line 1450, in getresponse
    response.begin()
    ~~~~~~~~~~~~~~^^
  File "/data/data/com.termux/files/usr/lib/python3.13/http/client.py", line 336, in begin
    version, status, reason = self._read_status()
                              ~~~~~~~~~~~~~~~~~^^
  File "/data/data/com.termux/files/usr/lib/python3.13/http/client.py", line 297, in _read_status
    line = str(self.fp.readline(_MAXLINE + 1), "iso-8859-1")
               ~~~~~~~~~~~~~~~~^^^^^^^^^^^^^^
  File "/data/data/com.termux/files/usr/lib/python3.13/socket.py", line 719, in readinto
    return self._sock.recv_into(b)
           ~~~~~~~~~~~~~~~~~~~~^^^
  File "/data/data/com.termux/files/usr/lib/python3.13/ssl.py", line 1304, in recv_into
    return self.read(nbytes, buffer)
           ~~~~~~~~~^^^^^^^^^^^^^^^^
  File "/data/data/com.termux/files/usr/lib/python3.13/ssl.py", line 1138, in read
    return self._sslobj.read(len, buffer)
           ~~~~~~~~~~~~~~~~~^^^^^^^^^^^^^
TimeoutError: The read operation timed out

The above exception was the direct cause of the following exception:

Traceback (most recent call last):
  File "/data/data/com.termux/files/usr/lib/python3.13/site-packages/requests/adapters.py", line 696, in send
    resp = conn.urlopen(
        method=request.method,
    ...<9 lines>...
        chunked=chunked,
    )
  File "/data/data/com.termux/files/usr/lib/python3.13/site-packages/urllib3/connectionpool.py", line 842, in urlopen
    retries = retries.increment(
        method, url, error=new_e, _pool=self, _stacktrace=sys.exc_info()[2]
    )
  File "/data/data/com.termux/files/usr/lib/python3.13/site-packages/urllib3/util/retry.py", line 498, in increment
    raise reraise(type(error), error, _stacktrace)
          ~~~~~~~^^^^^^^^^^^^^^^^^^^^^^^^^^^^^^^^^
  File "/data/data/com.termux/files/usr/lib/python3.13/site-packages/urllib3/util/util.py", line 39, in reraise
    raise value
  File "/data/data/com.termux/files/usr/lib/python3.13/site-packages/urllib3/connectionpool.py", line 788, in urlopen
    response = self._make_request(
        conn,
    ...<10 lines>...
        **response_kw,
    )
  File "/data/data/com.termux/files/usr/lib/python3.13/site-packages/urllib3/connectionpool.py", line 536, in _make_request
    self._raise_timeout(err=e, url=url, timeout_value=read_timeout)
    ~~~~~~~~~~~~~~~~~~~^^^^^^^^^^^^^^^^^^^^^^^^^^^^^^^^^^^^^^^^^^^^
  File "/data/data/com.termux/files/usr/lib/python3.13/site-packages/urllib3/connectionpool.py", line 367, in _raise_timeout
    raise ReadTimeoutError(
        self, url, f"Read timed out. (read timeout={timeout_value})"
    ) from err
urllib3.exceptions.ReadTimeoutError: HTTPSConnectionPool(host='api.binance.com', port=443): Read timed out. (read timeout=20.0)

During handling of the above exception, another exception occurred:

Traceback (most recent call last):
  File "/data/data/com.termux/files/usr/lib/python3.13/site-packages/ccxt/base/exchange.py", line 623, in fetch
    response = self.session.request(
        method,
    ...<6 lines>...
        files=files
    )
  File "/data/data/com.termux/files/usr/lib/python3.13/site-packages/requests/sessions.py", line 651, in request
    resp = self.send(prep, **send_kwargs)
  File "/data/data/com.termux/files/usr/lib/python3.13/site-packages/requests/sessions.py", line 784, in send
    r = adapter.send(request, **kwargs)
  File "/data/data/com.termux/files/usr/lib/python3.13/site-packages/requests/adapters.py", line 742, in send
    raise ReadTimeout(e, request=request)
requests.exceptions.ReadTimeout: HTTPSConnectionPool(host='api.binance.com', port=443): Read timed out. (read timeout=20.0)

The above exception was the direct cause of the following exception:

Traceback (most recent call last):
  File "/data/data/com.termux/files/home/downloads/excora_institutional_mtf_final.py", line 1104, in process
    s = self.analyze_symbol(symbol)
  File "/data/data/com.termux/files/home/downloads/excora_institutional_mtf_final.py", line 1089, in analyze_symbol
    raw[key] = self.market.fetch(
               ~~~~~~~~~~~~~~~~~^
        symbol, tf, self.cfg.CANDLE_LIMIT
        ^^^^^^^^^^^^^^^^^^^^^^^^^^^^^^^^^
    )
    ^
  File "/data/data/com.termux/files/home/downloads/excora_institutional_mtf_final.py", line 268, in fetch
    raw = self.exchange.fetch_ohlcv(
        symbol, timeframe=timeframe, limit=limit
    )
  File "/data/data/com.termux/files/usr/lib/python3.13/site-packages/ccxt/binance.py", line 4807, in fetch_ohlcv
    response = self.publicGetKlines(self.extend(request, params))
  File "/data/data/com.termux/files/usr/lib/python3.13/site-packages/ccxt/base/types.py", line 38, in unbound_method
    return _self.request(self.path, self.api, self.method, params, config=self.config)
           ~~~~~~~~~~~~~^^^^^^^^^^^^^^^^^^^^^^^^^^^^^^^^^^^^^^^^^^^^^^^^^^^^^^^^^^^^^^
  File "/data/data/com.termux/files/usr/lib/python3.13/site-packages/ccxt/binance.py", line 11933, in request
    response = self.fetch2(path, api, method, params, headers, body, config)
  File "/data/data/com.termux/files/usr/lib/python3.13/site-packages/ccxt/base/exchange.py", line 5703, in fetch2
    raise e
  File "/data/data/com.termux/files/usr/lib/python3.13/site-packages/ccxt/base/exchange.py", line 5686, in fetch2
    response = self.fetch(request['url'], request['method'], request['headers'], request['body'])
  File "/data/data/com.termux/files/usr/lib/python3.13/site-packages/ccxt/base/exchange.py", line 656, in fetch
    raise RequestTimeout(details) from e
ccxt.base.errors.RequestTimeout: binance GET https://api.binance.com/api/v3/klines?interval=4h&limit=500&symbol=BTCUSDT
2026-08-11 18:37:55,288 | INFO | ETH/USDT | WAIT | score=42.14 | 4H=RANGE | EMA200=BULLISH | 1H=BULLISH | 15M=RANGE
2026-08-11 18:38:01,220 | INFO | SOL/USDT | WAIT | score=0.00 | 4H=RANGE | EMA200=BULLISH | 1H=RANGE | 15M=RANGE
2026-08-11 18:38:05,530 | INFO | XRP/USDT | WAIT | score=45.00 | 4H=RANGE | EMA200=BEARISH | 1H=BEARISH | 15M=BULLISH
2026-08-11 18:44:19,233 | ERROR | BTC/USDT | analysis failed: binance GET https://api.binance.com/api/v3/klines?interval=4h&limit=500&symbol=BTCUSDT
Traceback (most recent call last):
  File "/data/data/com.termux/files/usr/lib/python3.13/site-packages/urllib3/connectionpool.py", line 534, in _make_request
    response = conn.getresponse()
  File "/data/data/com.termux/files/usr/lib/python3.13/site-packages/urllib3/connection.py", line 571, in getresponse
    httplib_response = super().getresponse()
  File "/data/data/com.termux/files/usr/lib/python3.13/http/client.py", line 1450, in getresponse
    response.begin()
    ~~~~~~~~~~~~~~^^
  File "/data/data/com.termux/files/usr/lib/python3.13/http/client.py", line 336, in begin
    version, status, reason = self._read_status()
                              ~~~~~~~~~~~~~~~~~^^
  File "/data/data/com.termux/files/usr/lib/python3.13/http/client.py", line 297, in _read_status
    line = str(self.fp.readline(_MAXLINE + 1), "iso-8859-1")
               ~~~~~~~~~~~~~~~~^^^^^^^^^^^^^^
  File "/data/data/com.termux/files/usr/lib/python3.13/socket.py", line 719, in readinto
    return self._sock.recv_into(b)
           ~~~~~~~~~~~~~~~~~~~~^^^
  File "/data/data/com.termux/files/usr/lib/python3.13/ssl.py", line 1304, in recv_into
    return self.read(nbytes, buffer)
           ~~~~~~~~~^^^^^^^^^^^^^^^^
  File "/data/data/com.termux/files/usr/lib/python3.13/ssl.py", line 1138, in read
    return self._sslobj.read(len, buffer)
           ~~~~~~~~~~~~~~~~~^^^^^^^^^^^^^
TimeoutError: The read operation timed out

The above exception was the direct cause of the following exception:

Traceback (most recent call last):
  File "/data/data/com.termux/files/usr/lib/python3.13/site-packages/requests/adapters.py", line 696, in send
    resp = conn.urlopen(
        method=request.method,
    ...<9 lines>...
        chunked=chunked,
    )
  File "/data/data/com.termux/files/usr/lib/python3.13/site-packages/urllib3/connectionpool.py", line 842, in urlopen
    retries = retries.increment(
        method, url, error=new_e, _pool=self, _stacktrace=sys.exc_info()[2]
    )
  File "/data/data/com.termux/files/usr/lib/python3.13/site-packages/urllib3/util/retry.py", line 498, in increment
    raise reraise(type(error), error, _stacktrace)
          ~~~~~~~^^^^^^^^^^^^^^^^^^^^^^^^^^^^^^^^^
  File "/data/data/com.termux/files/usr/lib/python3.13/site-packages/urllib3/util/util.py", line 39, in reraise
    raise value
  File "/data/data/com.termux/files/usr/lib/python3.13/site-packages/urllib3/connectionpool.py", line 788, in urlopen
    response = self._make_request(
        conn,
    ...<10 lines>...
        **response_kw,
    )
  File "/data/data/com.termux/files/usr/lib/python3.13/site-packages/urllib3/connectionpool.py", line 536, in _make_request
    self._raise_timeout(err=e, url=url, timeout_value=read_timeout)
    ~~~~~~~~~~~~~~~~~~~^^^^^^^^^^^^^^^^^^^^^^^^^^^^^^^^^^^^^^^^^^^^
  File "/data/data/com.termux/files/usr/lib/python3.13/site-packages/urllib3/connectionpool.py", line 367, in _raise_timeout
    raise ReadTimeoutError(
        self, url, f"Read timed out. (read timeout={timeout_value})"
    ) from err
urllib3.exceptions.ReadTimeoutError: HTTPSConnectionPool(host='api.binance.com', port=443): Read timed out. (read timeout=20.0)

During handling of the above exception, another exception occurred:

Traceback (most recent call last):
  File "/data/data/com.termux/files/usr/lib/python3.13/site-packages/ccxt/base/exchange.py", line 623, in fetch
    response = self.session.request(
        method,
    ...<6 lines>...
        files=files
    )
  File "/data/data/com.termux/files/usr/lib/python3.13/site-packages/requests/sessions.py", line 651, in request
    resp = self.send(prep, **send_kwargs)
  File "/data/data/com.termux/files/usr/lib/python3.13/site-packages/requests/sessions.py", line 784, in send
    r = adapter.send(request, **kwargs)
  File "/data/data/com.termux/files/usr/lib/python3.13/site-packages/requests/adapters.py", line 742, in send
    raise ReadTimeout(e, request=request)
requests.exceptions.ReadTimeout: HTTPSConnectionPool(host='api.binance.com', port=443): Read timed out. (read timeout=20.0)

The above exception was the direct cause of the following exception:

Traceback (most recent call last):
  File "/data/data/com.termux/files/home/downloads/excora_institutional_mtf_final.py", line 1104, in process
    s = self.analyze_symbol(symbol)
  File "/data/data/com.termux/files/home/downloads/excora_institutional_mtf_final.py", line 1089, in analyze_symbol
    raw[key] = self.market.fetch(
               ~~~~~~~~~~~~~~~~~^
        symbol, tf, self.cfg.CANDLE_LIMIT
        ^^^^^^^^^^^^^^^^^^^^^^^^^^^^^^^^^
    )
    ^
  File "/data/data/com.termux/files/home/downloads/excora_institutional_mtf_final.py", line 268, in fetch
    raw = self.exchange.fetch_ohlcv(
        symbol, timeframe=timeframe, limit=limit
    )
  File "/data/data/com.termux/files/usr/lib/python3.13/site-packages/ccxt/binance.py", line 4807, in fetch_ohlcv
    response = self.publicGetKlines(self.extend(request, params))
  File "/data/data/com.termux/files/usr/lib/python3.13/site-packages/ccxt/base/types.py", line 38, in unbound_method
    return _self.request(self.path, self.api, self.method, params, config=self.config)
           ~~~~~~~~~~~~~^^^^^^^^^^^^^^^^^^^^^^^^^^^^^^^^^^^^^^^^^^^^^^^^^^^^^^^^^^^^^^
  File "/data/data/com.termux/files/usr/lib/python3.13/site-packages/ccxt/binance.py", line 11933, in request
    response = self.fetch2(path, api, method, params, headers, body, config)
  File "/data/data/com.termux/files/usr/lib/python3.13/site-packages/ccxt/base/exchange.py", line 5703, in fetch2
    raise e
  File "/data/data/com.termux/files/usr/lib/python3.13/site-packages/ccxt/base/exchange.py", line 5686, in fetch2
    response = self.fetch(request['url'], request['method'], request['headers'], request['body'])
  File "/data/data/com.termux/files/usr/lib/python3.13/site-packages/ccxt/base/exchange.py", line 656, in fetch
    raise RequestTimeout(details) from e
ccxt.base.errors.RequestTimeout: binance GET https://api.binance.com/api/v3/klines?interval=4h&limit=500&symbol=BTCUSDT
2026-08-11 18:44:23,683 | INFO | ETH/USDT | WAIT | score=42.14 | 4H=RANGE | EMA200=BULLISH | 1H=BULLISH | 15M=RANGE
2026-08-11 18:44:35,175 | INFO | SOL/USDT | WAIT | score=0.00 | 4H=RANGE | EMA200=BULLISH | 1H=RANGE | 15M=RANGE
2026-08-11 18:44:47,172 | INFO | XRP/USDT | WAIT | score=45.00 | 4H=RANGE | EMA200=BEARISH | 1H=BEARISH | 15M=BULLISH
2026-08-11 18:45:51,575 | INFO | BTC/USDT | WAIT | score=39.00 | 4H=RANGE | EMA200=RANGE | 1H=BEARISH | 15M=BEARISH
2026-08-11 18:45:55,284 | INFO | ETH/USDT | WAIT | score=37.00 | 4H=RANGE | EMA200=BULLISH | 1H=BULLISH | 15M=RANGE
2026-08-11 18:45:59,580 | INFO | SOL/USDT | WAIT | score=24.00 | 4H=RANGE | EMA200=BULLISH | 1H=RANGE | 15M=RANGE
2026-08-11 18:46:03,819 | INFO | XRP/USDT | WAIT | score=42.00 | 4H=RANGE | EMA200=BEARISH | 1H=BEARISH | 15M=RANGE
2026-08-11 18:47:07,574 | INFO | BTC/USDT | WAIT | score=39.00 | 4H=RANGE | EMA200=RANGE | 1H=BEARISH | 15M=BEARISH
2026-08-11 18:47:11,454 | INFO | ETH/USDT | WAIT | score=37.00 | 4H=RANGE | EMA200=BULLISH | 1H=BULLISH | 15M=RANGE
2026-08-11 18:47:15,447 | INFO | SOL/USDT | WAIT | score=24.00 | 4H=RANGE | EMA200=BULLISH | 1H=RANGE | 15M=RANGE
2026-08-11 18:47:18,971 | INFO | XRP/USDT | WAIT | score=42.00 | 4H=RANGE | EMA200=BEARISH | 1H=BEARISH | 15M=RANGE
2026-08-11 18:48:23,451 | INFO | BTC/USDT | WAIT | score=39.00 | 4H=RANGE | EMA200=RANGE | 1H=BEARISH | 15M=BEARISH
2026-08-11 18:48:27,246 | INFO | ETH/USDT | WAIT | score=37.00 | 4H=RANGE | EMA200=BULLISH | 1H=BULLISH | 15M=RANGE
2026-08-11 18:48:30,661 | INFO | SOL/USDT | WAIT | score=24.00 | 4H=RANGE | EMA200=BULLISH | 1H=RANGE | 15M=RANGE
2026-08-11 18:48:35,087 | INFO | XRP/USDT | WAIT | score=42.00 | 4H=RANGE | EMA200=BEARISH | 1H=BEARISH | 15M=RANGE
2026-08-11 18:49:39,251 | INFO | BTC/USDT | WAIT | score=39.00 | 4H=RANGE | EMA200=RANGE | 1H=BEARISH | 15M=BEARISH
2026-08-11 18:49:42,627 | INFO | ETH/USDT | WAIT | score=37.00 | 4H=RANGE | EMA200=BULLISH | 1H=BULLISH | 15M=RANGE
2026-08-11 18:49:46,485 | INFO | SOL/USDT | WAIT | score=24.00 | 4H=RANGE | EMA200=BULLISH | 1H=RANGE | 15M=RANGE
2026-08-11 18:49:49,894 | INFO | XRP/USDT | WAIT | score=42.00 | 4H=RANGE | EMA200=BEARISH | 1H=BEARISH | 15M=RANGE
2026-08-11 18:50:55,094 | INFO | BTC/USDT | WAIT | score=39.00 | 4H=RANGE | EMA200=RANGE | 1H=BEARISH | 15M=BEARISH
2026-08-11 18:50:59,595 | INFO | ETH/USDT | WAIT | score=37.00 | 4H=RANGE | EMA200=BULLISH | 1H=BULLISH | 15M=RANGE
2026-08-11 18:51:03,766 | INFO | SOL/USDT | WAIT | score=24.00 | 4H=RANGE | EMA200=BULLISH | 1H=RANGE | 15M=RANGE
2026-08-11 18:51:07,689 | INFO | XRP/USDT | WAIT | score=42.00 | 4H=RANGE | EMA200=BEARISH | 1H=BEARISH | 15M=RANGE
