0 verbose cli /data/data/com.termux/files/usr/bin/node /data/data/com.termux/files/usr/bin/npm
1 info using npm@11.17.0
2 info using node@v26.3.1
3 silly config load:file:/data/data/com.termux/files/usr/lib/node_modules/npm/npmrc
4 silly config load:file:/data/data/com.termux/files/home/EXCORA_PRO-BOT/backend/.npmrc
5 silly config load:file:/data/data/com.termux/files/home/.npmrc
6 silly config load:file:/data/data/com.termux/files/usr/etc/npmrc
7 verbose title npm install jsonwebtoken
8 verbose argv "install" "jsonwebtoken" "--save"
9 verbose logfile logs-max:10 dir:/data/data/com.termux/files/home/.npm/_logs/2026-09-25T18_39_50_116Z-
10 verbose logfile /data/data/com.termux/files/home/.npm/_logs/2026-09-25T18_39_50_116Z-debug-0.log
11 silly logfile start cleaning logs, removing 1 files
12 silly logfile done cleaning log files
13 silly packumentCache heap:1086849024 maxSize:271712256 maxEntrySize:135856128
14 silly idealTree buildDeps
15 silly fetch manifest jsonwebtoken@^9.0.3
16 silly packumentCache full:https://registry.npmjs.org/jsonwebtoken cache-miss
17 http cache https://registry.npmjs.org/jsonwebtoken 221ms (cache hit)
18 silly packumentCache full:https://registry.npmjs.org/jsonwebtoken set size:183413 disposed:false
19 silly placeDep ROOT jsonwebtoken@9.0.3 REPLACE for: excora-backend@1.0.0 want: ^9.0.3
20 silly reify moves {}
21 silly audit bulk request {
21 silly audit   '@mongodb-js/saslprep': [ '1.5.4' ],
21 silly audit   '@socket.io/component-emitter': [ '3.1.2' ],
21 silly audit   '@types/cors': [ '2.8.19' ],
21 silly audit   '@types/node': [ '26.6.2' ],
21 silly audit   '@types/webidl-conversions': [ '7.0.3' ],
21 silly audit   '@types/whatwg-url': [ '11.0.5' ],
21 silly audit   '@types/ws': [ '8.18.1' ],
21 silly audit   accepts: [ '1.3.8' ],
21 silly audit   'array-flatten': [ '1.1.1' ],
21 silly audit   bcryptjs: [ '2.4.3' ],
21 silly audit   'body-parser': [ '1.20.8' ],
21 silly audit   bson: [ '6.10.4' ],
21 silly audit   'buffer-equal-constant-time': [ '1.0.1' ],
21 silly audit   bytes: [ '3.1.2' ],
21 silly audit   'call-bind-apply-helpers': [ '1.0.2' ],
21 silly audit   'call-bound': [ '1.0.4' ],
21 silly audit   'content-disposition': [ '0.5.4' ],
21 silly audit   'content-type': [ '1.0.5' ],
21 silly audit   cookie: [ '0.7.2' ],
21 silly audit   'cookie-signature': [ '1.0.7' ],
21 silly audit   cors: [ '2.8.6' ],
21 silly audit   debug: [ '2.6.9', '4.4.3' ],
21 silly audit   depd: [ '2.0.0' ],
21 silly audit   destroy: [ '1.2.0' ],
21 silly audit   'dunder-proto': [ '1.0.1' ],
21 silly audit   'ecdsa-sig-formatter': [ '1.0.11' ],
21 silly audit   'ee-first': [ '1.1.1' ],
21 silly audit   encodeurl: [ '2.0.0' ],
21 silly audit   'engine.io': [ '6.6.11' ],
21 silly audit   'engine.io-parser': [ '5.2.3' ],
21 silly audit   ms: [ '2.1.3', '2.0.0' ],
21 silly audit   'es-define-property': [ '1.0.1' ],
21 silly audit   'es-errors': [ '1.3.0' ],
21 silly audit   'es-object-atoms': [ '1.1.2' ],
21 silly audit   'escape-html': [ '1.0.3' ],
21 silly audit   etag: [ '1.8.1' ],
21 silly audit   express: [ '4.22.3' ],
21 silly audit   finalhandler: [ '1.3.2' ],
21 silly audit   forwarded: [ '0.2.0' ],
21 silly audit   fresh: [ '0.5.2' ],
21 silly audit   'function-bind': [ '1.1.2' ],
21 silly audit   'get-intrinsic': [ '1.3.0' ],
21 silly audit   'get-proto': [ '1.0.1' ],
21 silly audit   gopd: [ '1.2.0' ],
21 silly audit   'has-symbols': [ '1.1.0' ],
21 silly audit   hasown: [ '2.0.4' ],
21 silly audit   'http-errors': [ '2.0.1' ],
21 silly audit   'iconv-lite': [ '0.4.24' ],
21 silly audit   inherits: [ '2.0.4' ],
21 silly audit   'ipaddr.js': [ '1.9.1' ],
21 silly audit   jwa: [ '2.0.1' ],
21 silly audit   jws: [ '4.0.1' ],
21 silly audit   kareem: [ '2.6.3' ],
21 silly audit   'lodash.includes': [ '4.3.0' ],
21 silly audit   'lodash.isboolean': [ '3.0.3' ],
21 silly audit   'lodash.isinteger': [ '4.0.4' ],
21 silly audit   'lodash.isnumber': [ '3.0.3' ],
21 silly audit   'lodash.isplainobject': [ '4.0.6' ],
21 silly audit   'lodash.isstring': [ '4.0.1' ],
21 silly audit   'lodash.once': [ '4.1.1' ],
21 silly audit   'math-intrinsics': [ '1.1.0' ],
21 silly audit   'media-typer': [ '0.3.0' ],
21 silly audit   'memory-pager': [ '1.5.0' ],
21 silly audit   'merge-descriptors': [ '1.0.3' ],
21 silly audit   methods: [ '1.1.2' ],
21 silly audit   mime: [ '1.6.0' ],
21 silly audit   'mime-db': [ '1.52.0' ],
21 silly audit   'mime-types': [ '2.1.35' ],
21 silly audit   mongodb: [ '6.20.0' ],
21 silly audit   'mongodb-connection-string-url': [ '3.0.2' ],
21 silly audit   mongoose: [ '8.24.4' ],
21 silly audit   mpath: [ '0.9.0' ],
21 silly audit   mquery: [ '5.0.0' ],
21 silly audit   negotiator: [ '0.6.3' ],
21 silly audit   'object-assign': [ '4.1.1' ],
21 silly audit   'object-inspect': [ '1.13.4' ],
21 silly audit   'on-finished': [ '2.4.1' ],
21 silly audit   parseurl: [ '1.3.3' ],
21 silly audit   'path-to-regexp': [ '0.1.13' ],
21 silly audit   'proxy-addr': [ '2.0.8' ],
21 silly audit   punycode: [ '2.3.1' ],
21 silly audit   qs: [ '6.16.0' ],
21 silly audit   'range-parser': [ '1.2.1' ],
21 silly audit   'raw-body': [ '2.5.3' ],
21 silly audit   'safe-buffer': [ '5.2.1' ],
21 silly audit   'safer-buffer': [ '2.1.2' ],
21 silly audit   semver: [ '7.8.5' ],
21 silly audit   send: [ '0.19.2' ],
21 silly audit   'serve-static': [ '1.16.3' ],
21 silly audit   setprototypeof: [ '1.2.0' ],
21 silly audit   'side-channel': [ '1.1.1' ],
21 silly audit   'side-channel-list': [ '1.0.1' ],
21 silly audit   'side-channel-map': [ '1.0.1' ],
21 silly audit   'side-channel-weakmap': [ '1.0.2' ],
21 silly audit   sift: [ '17.1.3' ],
21 silly audit   'socket.io': [ '4.8.4' ],
21 silly audit   'socket.io-adapter': [ '2.5.8' ],
21 silly audit   'socket.io-parser': [ '4.2.7' ],
21 silly audit   'sparse-bitfield': [ '3.0.3' ],
21 silly audit   statuses: [ '2.0.2' ],
21 silly audit   toidentifier: [ '1.0.1' ],
21 silly audit   tr46: [ '5.1.1' ],
21 silly audit   'type-is': [ '1.6.18' ],
21 silly audit   'undici-types': [ '8.9.0' ],
21 silly audit   unpipe: [ '1.0.0' ],
21 silly audit   'utils-merge': [ '1.0.1' ],
21 silly audit   vary: [ '1.1.2' ],
21 silly audit   'webidl-conversions': [ '7.0.0' ],
21 silly audit   'whatwg-url': [ '14.2.0' ],
21 silly audit   ws: [ '8.21.3' ],
21 silly audit   jsonwebtoken: [ '9.0.3' ]
21 silly audit }
22 http fetch POST 200 https://registry.npmjs.org/-/npm/v1/security/advisories/bulk 791ms
23 silly audit report {}
24 verbose cwd /data/data/com.termux/files/home/EXCORA_PRO-BOT/backend
25 verbose os Linux 5.15.149-android13-8-00008-gbe074b05e5af-ab12096863
26 verbose node v26.3.1
27 verbose npm  v11.17.0
28 verbose exit 0
29 info ok
